###############################################################################
#
# IAR ELF Linker V8.30.1.114/W32 for ARM                  09/Feb/2021  18:24:07
# Copyright 2007-2018 IAR Systems AB.
#
#    Output file  =  
#        D:\work\–¿«–¿¡Œ“ »\board STM32F411RET6
#        Terraelectronica\4_IAR\1_BOARD_STM32F411RE\EWARM\BOARD_STM32F411RE\Exe\BOARD_STM32F411RE.out
#    Map file     =  
#        D:\work\–¿«–¿¡Œ“ »\board STM32F411RET6
#        Terraelectronica\4_IAR\1_BOARD_STM32F411RE\EWARM\BOARD_STM32F411RE\List\BOARD_STM32F411RE.map
#    Command line =  
#        -f C:\Users\RusikOk\AppData\Local\Temp\EW84DB.tmp
#        ("D:\work\–¿«–¿¡Œ“ »\board STM32F411RET6
#        Terraelectronica\4_IAR\1_BOARD_STM32F411RE\EWARM\BOARD_STM32F411RE\Obj\bsp_driver_sd.o"
#        "D:\work\–¿«–¿¡Œ“ »\board STM32F411RET6
#        Terraelectronica\4_IAR\1_BOARD_STM32F411RE\EWARM\BOARD_STM32F411RE\Obj\cmsis_os2.o"
#        "D:\work\–¿«–¿¡Œ“ »\board STM32F411RET6
#        Terraelectronica\4_IAR\1_BOARD_STM32F411RE\EWARM\BOARD_STM32F411RE\Obj\croutine.o"
#        "D:\work\–¿«–¿¡Œ“ »\board STM32F411RET6
#        Terraelectronica\4_IAR\1_BOARD_STM32F411RE\EWARM\BOARD_STM32F411RE\Obj\diskio.o"
#        "D:\work\–¿«–¿¡Œ“ »\board STM32F411RET6
#        Terraelectronica\4_IAR\1_BOARD_STM32F411RE\EWARM\BOARD_STM32F411RE\Obj\event_groups.o"
#        "D:\work\–¿«–¿¡Œ“ »\board STM32F411RET6
#        Terraelectronica\4_IAR\1_BOARD_STM32F411RE\EWARM\BOARD_STM32F411RE\Obj\fatfs.o"
#        "D:\work\–¿«–¿¡Œ“ »\board STM32F411RET6
#        Terraelectronica\4_IAR\1_BOARD_STM32F411RE\EWARM\BOARD_STM32F411RE\Obj\fatfs_platform.o"
#        "D:\work\–¿«–¿¡Œ“ »\board STM32F411RET6
#        Terraelectronica\4_IAR\1_BOARD_STM32F411RE\EWARM\BOARD_STM32F411RE\Obj\ff.o"
#        "D:\work\–¿«–¿¡Œ“ »\board STM32F411RET6
#        Terraelectronica\4_IAR\1_BOARD_STM32F411RE\EWARM\BOARD_STM32F411RE\Obj\ff_gen_drv.o"
#        "D:\work\–¿«–¿¡Œ“ »\board STM32F411RET6
#        Terraelectronica\4_IAR\1_BOARD_STM32F411RE\EWARM\BOARD_STM32F411RE\Obj\freertos.o"
#        "D:\work\–¿«–¿¡Œ“ »\board STM32F411RET6
#        Terraelectronica\4_IAR\1_BOARD_STM32F411RE\EWARM\BOARD_STM32F411RE\Obj\heap_4.o"
#        "D:\work\–¿«–¿¡Œ“ »\board STM32F411RET6
#        Terraelectronica\4_IAR\1_BOARD_STM32F411RE\EWARM\BOARD_STM32F411RE\Obj\list.o"
#        "D:\work\–¿«–¿¡Œ“ »\board STM32F411RET6
#        Terraelectronica\4_IAR\1_BOARD_STM32F411RE\EWARM\BOARD_STM32F411RE\Obj\main.o"
#        "D:\work\–¿«–¿¡Œ“ »\board STM32F411RET6
#        Terraelectronica\4_IAR\1_BOARD_STM32F411RE\EWARM\BOARD_STM32F411RE\Obj\port.o"
#        "D:\work\–¿«–¿¡Œ“ »\board STM32F411RET6
#        Terraelectronica\4_IAR\1_BOARD_STM32F411RE\EWARM\BOARD_STM32F411RE\Obj\portasm.o"
#        "D:\work\–¿«–¿¡Œ“ »\board STM32F411RET6
#        Terraelectronica\4_IAR\1_BOARD_STM32F411RE\EWARM\BOARD_STM32F411RE\Obj\queue.o"
#        "D:\work\–¿«–¿¡Œ“ »\board STM32F411RET6
#        Terraelectronica\4_IAR\1_BOARD_STM32F411RE\EWARM\BOARD_STM32F411RE\Obj\read.o"
#        "D:\work\–¿«–¿¡Œ“ »\board STM32F411RET6
#        Terraelectronica\4_IAR\1_BOARD_STM32F411RE\EWARM\BOARD_STM32F411RE\Obj\sd_diskio.o"
#        "D:\work\–¿«–¿¡Œ“ »\board STM32F411RET6
#        Terraelectronica\4_IAR\1_BOARD_STM32F411RE\EWARM\BOARD_STM32F411RE\Obj\startup_stm32f411xe.o"
#        "D:\work\–¿«–¿¡Œ“ »\board STM32F411RET6
#        Terraelectronica\4_IAR\1_BOARD_STM32F411RE\EWARM\BOARD_STM32F411RE\Obj\stm32f4xx_hal.o"
#        "D:\work\–¿«–¿¡Œ“ »\board STM32F411RET6
#        Terraelectronica\4_IAR\1_BOARD_STM32F411RE\EWARM\BOARD_STM32F411RE\Obj\stm32f4xx_hal_cortex.o"
#        "D:\work\–¿«–¿¡Œ“ »\board STM32F411RET6
#        Terraelectronica\4_IAR\1_BOARD_STM32F411RE\EWARM\BOARD_STM32F411RE\Obj\stm32f4xx_hal_crc.o"
#        "D:\work\–¿«–¿¡Œ“ »\board STM32F411RET6
#        Terraelectronica\4_IAR\1_BOARD_STM32F411RE\EWARM\BOARD_STM32F411RE\Obj\stm32f4xx_hal_dma.o"
#        "D:\work\–¿«–¿¡Œ“ »\board STM32F411RET6
#        Terraelectronica\4_IAR\1_BOARD_STM32F411RE\EWARM\BOARD_STM32F411RE\Obj\stm32f4xx_hal_dma_ex.o"
#        "D:\work\–¿«–¿¡Œ“ »\board STM32F411RET6
#        Terraelectronica\4_IAR\1_BOARD_STM32F411RE\EWARM\BOARD_STM32F411RE\Obj\stm32f4xx_hal_exti.o"
#        "D:\work\–¿«–¿¡Œ“ »\board STM32F411RET6
#        Terraelectronica\4_IAR\1_BOARD_STM32F411RE\EWARM\BOARD_STM32F411RE\Obj\stm32f4xx_hal_flash.o"
#        "D:\work\–¿«–¿¡Œ“ »\board STM32F411RET6
#        Terraelectronica\4_IAR\1_BOARD_STM32F411RE\EWARM\BOARD_STM32F411RE\Obj\stm32f4xx_hal_flash_ex.o"
#        "D:\work\–¿«–¿¡Œ“ »\board STM32F411RET6
#        Terraelectronica\4_IAR\1_BOARD_STM32F411RE\EWARM\BOARD_STM32F411RE\Obj\stm32f4xx_hal_flash_ramfunc.o"
#        "D:\work\–¿«–¿¡Œ“ »\board STM32F411RET6
#        Terraelectronica\4_IAR\1_BOARD_STM32F411RE\EWARM\BOARD_STM32F411RE\Obj\stm32f4xx_hal_gpio.o"
#        "D:\work\–¿«–¿¡Œ“ »\board STM32F411RET6
#        Terraelectronica\4_IAR\1_BOARD_STM32F411RE\EWARM\BOARD_STM32F411RE\Obj\stm32f4xx_hal_msp.o"
#        "D:\work\–¿«–¿¡Œ“ »\board STM32F411RET6
#        Terraelectronica\4_IAR\1_BOARD_STM32F411RE\EWARM\BOARD_STM32F411RE\Obj\stm32f4xx_hal_pcd.o"
#        "D:\work\–¿«–¿¡Œ“ »\board STM32F411RET6
#        Terraelectronica\4_IAR\1_BOARD_STM32F411RE\EWARM\BOARD_STM32F411RE\Obj\stm32f4xx_hal_pcd_ex.o"
#        "D:\work\–¿«–¿¡Œ“ »\board STM32F411RET6
#        Terraelectronica\4_IAR\1_BOARD_STM32F411RE\EWARM\BOARD_STM32F411RE\Obj\stm32f4xx_hal_pwr.o"
#        "D:\work\–¿«–¿¡Œ“ »\board STM32F411RET6
#        Terraelectronica\4_IAR\1_BOARD_STM32F411RE\EWARM\BOARD_STM32F411RE\Obj\stm32f4xx_hal_pwr_ex.o"
#        "D:\work\–¿«–¿¡Œ“ »\board STM32F411RET6
#        Terraelectronica\4_IAR\1_BOARD_STM32F411RE\EWARM\BOARD_STM32F411RE\Obj\stm32f4xx_hal_rcc.o"
#        "D:\work\–¿«–¿¡Œ“ »\board STM32F411RET6
#        Terraelectronica\4_IAR\1_BOARD_STM32F411RE\EWARM\BOARD_STM32F411RE\Obj\stm32f4xx_hal_rcc_ex.o"
#        "D:\work\–¿«–¿¡Œ“ »\board STM32F411RET6
#        Terraelectronica\4_IAR\1_BOARD_STM32F411RE\EWARM\BOARD_STM32F411RE\Obj\stm32f4xx_hal_rtc.o"
#        "D:\work\–¿«–¿¡Œ“ »\board STM32F411RET6
#        Terraelectronica\4_IAR\1_BOARD_STM32F411RE\EWARM\BOARD_STM32F411RE\Obj\stm32f4xx_hal_rtc_ex.o"
#        "D:\work\–¿«–¿¡Œ“ »\board STM32F411RET6
#        Terraelectronica\4_IAR\1_BOARD_STM32F411RE\EWARM\BOARD_STM32F411RE\Obj\stm32f4xx_hal_sd.o"
#        "D:\work\–¿«–¿¡Œ“ »\board STM32F411RET6
#        Terraelectronica\4_IAR\1_BOARD_STM32F411RE\EWARM\BOARD_STM32F411RE\Obj\stm32f4xx_hal_tim.o"
#        "D:\work\–¿«–¿¡Œ“ »\board STM32F411RET6
#        Terraelectronica\4_IAR\1_BOARD_STM32F411RE\EWARM\BOARD_STM32F411RE\Obj\stm32f4xx_hal_tim_ex.o"
#        "D:\work\–¿«–¿¡Œ“ »\board STM32F411RET6
#        Terraelectronica\4_IAR\1_BOARD_STM32F411RE\EWARM\BOARD_STM32F411RE\Obj\stm32f4xx_hal_timebase_tim.o"
#        "D:\work\–¿«–¿¡Œ“ »\board STM32F411RET6
#        Terraelectronica\4_IAR\1_BOARD_STM32F411RE\EWARM\BOARD_STM32F411RE\Obj\stm32f4xx_hal_uart.o"
#        "D:\work\–¿«–¿¡Œ“ »\board STM32F411RET6
#        Terraelectronica\4_IAR\1_BOARD_STM32F411RE\EWARM\BOARD_STM32F411RE\Obj\stm32f4xx_it.o"
#        "D:\work\–¿«–¿¡Œ“ »\board STM32F411RET6
#        Terraelectronica\4_IAR\1_BOARD_STM32F411RE\EWARM\BOARD_STM32F411RE\Obj\stm32f4xx_ll_sdmmc.o"
#        "D:\work\–¿«–¿¡Œ“ »\board STM32F411RET6
#        Terraelectronica\4_IAR\1_BOARD_STM32F411RE\EWARM\BOARD_STM32F411RE\Obj\stm32f4xx_ll_usb.o"
#        "D:\work\–¿«–¿¡Œ“ »\board STM32F411RET6
#        Terraelectronica\4_IAR\1_BOARD_STM32F411RE\EWARM\BOARD_STM32F411RE\Obj\stream_buffer.o"
#        "D:\work\–¿«–¿¡Œ“ »\board STM32F411RET6
#        Terraelectronica\4_IAR\1_BOARD_STM32F411RE\EWARM\BOARD_STM32F411RE\Obj\syscall.o"
#        "D:\work\–¿«–¿¡Œ“ »\board STM32F411RET6
#        Terraelectronica\4_IAR\1_BOARD_STM32F411RE\EWARM\BOARD_STM32F411RE\Obj\system_stm32f4xx.o"
#        "D:\work\–¿«–¿¡Œ“ »\board STM32F411RET6
#        Terraelectronica\4_IAR\1_BOARD_STM32F411RE\EWARM\BOARD_STM32F411RE\Obj\tasks.o"
#        "D:\work\–¿«–¿¡Œ“ »\board STM32F411RET6
#        Terraelectronica\4_IAR\1_BOARD_STM32F411RE\EWARM\BOARD_STM32F411RE\Obj\timers.o"
#        "D:\work\–¿«–¿¡Œ“ »\board STM32F411RET6
#        Terraelectronica\4_IAR\1_BOARD_STM32F411RE\EWARM\BOARD_STM32F411RE\Obj\usb_device.o"
#        "D:\work\–¿«–¿¡Œ“ »\board STM32F411RET6
#        Terraelectronica\4_IAR\1_BOARD_STM32F411RE\EWARM\BOARD_STM32F411RE\Obj\usbd_cdc.o"
#        "D:\work\–¿«–¿¡Œ“ »\board STM32F411RET6
#        Terraelectronica\4_IAR\1_BOARD_STM32F411RE\EWARM\BOARD_STM32F411RE\Obj\usbd_cdc_if.o"
#        "D:\work\–¿«–¿¡Œ“ »\board STM32F411RET6
#        Terraelectronica\4_IAR\1_BOARD_STM32F411RE\EWARM\BOARD_STM32F411RE\Obj\usbd_conf.o"
#        "D:\work\–¿«–¿¡Œ“ »\board STM32F411RET6
#        Terraelectronica\4_IAR\1_BOARD_STM32F411RE\EWARM\BOARD_STM32F411RE\Obj\usbd_core.o"
#        "D:\work\–¿«–¿¡Œ“ »\board STM32F411RET6
#        Terraelectronica\4_IAR\1_BOARD_STM32F411RE\EWARM\BOARD_STM32F411RE\Obj\usbd_ctlreq.o"
#        "D:\work\–¿«–¿¡Œ“ »\board STM32F411RET6
#        Terraelectronica\4_IAR\1_BOARD_STM32F411RE\EWARM\BOARD_STM32F411RE\Obj\usbd_desc.o"
#        "D:\work\–¿«–¿¡Œ“ »\board STM32F411RET6
#        Terraelectronica\4_IAR\1_BOARD_STM32F411RE\EWARM\BOARD_STM32F411RE\Obj\usbd_ioreq.o"
#        "D:\work\–¿«–¿¡Œ“ »\board STM32F411RET6
#        Terraelectronica\4_IAR\1_BOARD_STM32F411RE\EWARM\BOARD_STM32F411RE\Obj\write.o"
#        --redirect _Printf=_PrintfFullNoMb --redirect _Scanf=_ScanfFullNoMb
#        --no_out_extension -o "D:\work\–¿«–¿¡Œ“ »\board
#        STM32F411RET6
#        Terraelectronica\4_IAR\1_BOARD_STM32F411RE\EWARM\BOARD_STM32F411RE\Exe\BOARD_STM32F411RE.out"
#        --map "D:\work\–¿«–¿¡Œ“ »\board STM32F411RET6
#        Terraelectronica\4_IAR\1_BOARD_STM32F411RE\EWARM\BOARD_STM32F411RE\List\BOARD_STM32F411RE.map"
#        --config "C:\Program Files (x86)\IAR Systems\Embedded Workbench
#        8.1\arm\config\linker\ST\stm32f411xE.icf" --entry __iar_program_start
#        --vfe --text_out locale)
#
###############################################################################

*******************************************************************************
*** RUNTIME MODEL ATTRIBUTES
***

CppFlavor       = *
__Heap_Handler  = DLMalloc
__SystemLibrary = DLib
__dlib_version  = 6


*******************************************************************************
*** HEAP SELECTION
***

The advanced heap was selected because the application calls memory
allocation functions outside of system library functions, and there
are calls to deallocation functions in the application.


*******************************************************************************
*** PLACEMENT SUMMARY
***

"A0":  place at 0x800'0000 { ro section .intvec };
"P1":  place in [from 0x800'0000 to 0x807'ffff] { ro };
define block CSTACK with size = 8K, alignment = 8 { };
define block HEAP with size = 8K, alignment = 8 { };
"P2":  place in [from 0x2000'0000 to 0x2001'ffff] {
          rw, block CSTACK, block HEAP };
initialize by copy { rw };

  Section            Kind         Address    Size  Object
  -------            ----         -------    ----  ------
"A0":                                       0x198
  .intvec            ro code   0x800'0000   0x198  startup_stm32f411xe.o [1]
                             - 0x800'0198   0x198

"P1":                                      0xbb75
  .text              ro code   0x800'0198  0x14e0  dlmalloc.o [2]
  .text              ro code   0x800'1678     0x6  abort.o [2]
  .text              ro code   0x800'167e    0x7a  lz77_init_single.o [4]
  .text              ro code   0x800'16f8    0x2c  xgetmemchunk.o [2]
  .text              ro code   0x800'1724     0xc  XXexit.o [4]
  .text              ro code   0x800'1730   0xebc  stm32f4xx_ll_usb.o [1]
  .text              ro code   0x800'25ec    0x28  stm32f4xx_hal.o [1]
  .text              ro code   0x800'2614     0xc  stm32f4xx_hal.o [1]
  .text              ro code   0x800'2620   0xe26  xprintffull_nomb.o [2]
  .text              ro code   0x800'3446    0x3a  zero_init3.o [4]
  .text              ro code   0x800'3480    0x16  strchr.o [4]
  .text              ro code   0x800'3498    0x40  xfail_s.o [2]
  .text              ro code   0x800'34d8    0x36  strlen.o [4]
  .text              ro code   0x800'3510    0x58  memchr.o [4]
  .text              ro code   0x800'3568   0x230  I64DivMod.o [4]
  .text              ro code   0x800'3798   0x1a2  DblMul.o [3]
  .text              ro code   0x800'393c    0xa6  ABImemcpy.o [4]
  .text              ro code   0x800'39e4    0x70  frexp.o [3]
  .text              ro code   0x800'3a54    0x2e  DblCmpLe.o [3]
  .text              ro code   0x800'3a84    0x2e  DblCmpGe.o [3]
  .text              ro code   0x800'3ab4   0x13a  ldexp.o [3]
  .text              ro code   0x800'3bf0    0x3a  DblToS32.o [3]
  .text              ro code   0x800'3c2c    0x22  S32ToDbl.o [3]
  .text              ro code   0x800'3c50    0xe2  DblSub.o [3]
  .text              ro code   0x800'3d34   0x246  DblDiv.o [3]
  .text              ro code   0x800'3f7c    0x28  DblToU32.o [3]
  .text              ro code   0x800'3fa4    0x1a  U32ToDbl.o [3]
  .text              ro code   0x800'3fc0     0x2  I64DivZer.o [4]
  .text              ro code   0x800'3fc4   0x16a  DblAdd.o [3]
  .text              ro code   0x800'4130   0xbe0  stm32f4xx_hal_pcd.o [1]
  .text              ro code   0x800'4d10   0x338  usbd_conf.o [1]
  .text              ro code   0x800'5048    0x6c  stm32f4xx_hal_pcd_ex.o [1]
  .text              ro code   0x800'50b4   0x23c  stm32f4xx_hal_rcc.o [1]
  .text              ro code   0x800'52f0     0x6  ABImemclr4.o [4]
  .text              ro code   0x800'52f8   0x220  stm32f4xx_hal_gpio.o [1]
  .text              ro code   0x800'5518    0xe8  stm32f4xx_hal_cortex.o [1]
  .text              ro code   0x800'5600   0x364  usbd_core.o [1]
  .text              ro code   0x800'5964   0x440  main.o [1]
  .text              ro code   0x800'5da4    0x84  stm32f4xx_hal_timebase_tim.o [1]
  .text              ro code   0x800'5e28    0x32  ABImemset48.o [4]
  .text              ro code   0x800'5e5c   0x80c  usbd_ctlreq.o [1]
  .text              ro code   0x800'6668    0x84  usbd_ioreq.o [1]
  .text              ro code   0x800'66ec   0x744  stm32f4xx_hal_uart.o [1]
  .text              ro code   0x800'6e30    0x34  stm32f4xx_hal.o [1]
  .text              ro code   0x800'6e64    0x1c  fatfs.o [1]
  .text              ro code   0x800'6e80    0x28  printf.o [2]
  .text              ro code   0x800'6ea8   0x40c  cmsis_os2.o [1]
  .text              ro code   0x800'72b4   0x3b4  stm32f4xx_hal_rcc.o [1]
  .text              ro code   0x800'7668   0x168  stm32f4xx_hal_rcc_ex.o [1]
  .text              ro code   0x800'77d0    0x24  stm32f4xx_hal_crc.o [1]
  .text              ro code   0x800'77f4   0x34c  stm32f4xx_hal_rtc.o [1]
  .text              ro code   0x800'7b40    0x58  usb_device.o [1]
  .text              ro code   0x800'7b98   0xa84  tasks.o [1]
  .text              ro code   0x800'861c    0x18  stm32f4xx_hal.o [1]
  .text              ro code   0x800'8634   0x276  stm32f4xx_hal_tim.o [1]
  .text              ro code   0x800'88ac   0x1a4  stm32f4xx_hal_msp.o [1]
  .text              ro code   0x800'8a50    0x50  ff_gen_drv.o [1]
  .text              ro code   0x800'8aa0   0x7fa  queue.o [1]
  .text              ro code   0x800'929c   0x3a8  usbd_cdc.o [1]
  .text              ro code   0x800'9644   0x260  heap_4.o [1]
  .text              ro code   0x800'98a4    0x66  ABImemset.o [4]
  .text              ro code   0x800'990a    0x98  list.o [1]
  .text              ro code   0x800'99a4   0x258  port.o [1]
  .text              ro code   0x800'9bfc   0x47c  timers.o [1]
  .text              ro code   0x800'a078     0x2  stm32f4xx_hal_tim.o [1]
  .text              ro code   0x800'a07a     0x2  stm32f4xx_hal_tim.o [1]
  .text              ro code   0x800'a07c     0x2  stm32f4xx_hal_tim.o [1]
  .text              ro code   0x800'a07e     0x2  stm32f4xx_hal_tim_ex.o [1]
  .text              ro code   0x800'a080     0x2  stm32f4xx_hal_tim.o [1]
  .text              ro code   0x800'a082     0x2  stm32f4xx_hal_tim_ex.o [1]
  .text              ro code   0x800'a084     0x4  heaptramp0.o [2]
  CODE               ro code   0x800'a088    0xb0  portasm.o [1]
  .text              ro code   0x800'a138   0xacc  stm32f4xx_hal_sd.o [1]
  .text              ro code   0x800'ac04   0x6e8  stm32f4xx_ll_sdmmc.o [1]
  .text              ro code   0x800'b2ec    0xa6  stm32f4xx_hal_dma.o [1]
  .text              ro code   0x800'b392     0x2  stm32f4xx_hal_sd.o [1]
  .text              ro code   0x800'b394     0x8  bsp_driver_sd.o [1]
  .text              ro code   0x800'b39c   0x1f0  sd_diskio.o [1]
  .text              ro code   0x800'b58c    0x1c  bsp_driver_sd.o [1]
  .text              ro code   0x800'b5a8    0x3c  bsp_driver_sd.o [1]
  .text              ro code   0x800'b5e4    0x20  bsp_driver_sd.o [1]
  .text              ro code   0x800'b604    0x20  bsp_driver_sd.o [1]
  .text              ro code   0x800'b624    0x10  bsp_driver_sd.o [1]
  .text              ro code   0x800'b634    0x1c  bsp_driver_sd.o [1]
  .text              ro code   0x800'b650    0x1c  fatfs_platform.o [1]
  .text              ro code   0x800'b66c   0x136  usbd_desc.o [1]
  .text              ro code   0x800'b7a4    0x86  usbd_cdc_if.o [1]
  .text              ro code   0x800'b82a    0x3c  write.o [1]
  .text              ro code   0x800'b868    0x28  stm32f4xx_it.o [1]
  .text              ro code   0x800'b890    0x28  data_init.o [4]
  .rodata            const     0x800'b8b8    0x24  main.o [1]
  .rodata            const     0x800'b8dc    0x24  main.o [1]
  .rodata            const     0x800'b900    0x24  main.o [1]
  .rodata            const     0x800'b924    0x24  main.o [1]
  .rodata            const     0x800'b948    0x24  main.o [1]
  .text              ro code   0x800'b96c    0x22  fpinit_M.o [3]
  .iar.init_table    const     0x800'b990    0x20  - Linker created -
  .text              ro code   0x800'b9b0    0x20  putchar.o [2]
  .text              ro code   0x800'b9d0    0x1e  cmain.o [4]
  .text              ro code   0x800'b9ee     0x4  low_level_init.o [2]
  .text              ro code   0x800'b9f2     0x4  exit.o [2]
  .text              ro code   0x800'b9f8     0xa  cexit.o [4]
  .text              ro code   0x800'ba04    0x1c  system_stm32f4xx.o [1]
  .rodata            const     0x800'ba20    0x18  main.o [1]
  .rodata            const     0x800'ba38    0x18  usbd_desc.o [1]
  .text              ro code   0x800'ba50    0x16  xprout.o [2]
  .rodata            const     0x800'ba68    0x14  sd_diskio.o [1]
  .rodata            const     0x800'ba7c    0x14  usbd_desc.o [1]
  .rodata            const     0x800'ba90    0x10  system_stm32f4xx.o [1]
  .rodata            const     0x800'baa0    0x10  usbd_desc.o [1]
  .text              ro code   0x800'bab0    0x10  startup_stm32f411xe.o [1]
  .rodata            const     0x800'bac0     0xc  main.o [1]
  .rodata            const     0x800'bacc     0xc  main.o [1]
  .rodata            const     0x800'bad8     0xc  main.o [1]
  .rodata            const     0x800'bae4     0xc  main.o [1]
  .rodata            const     0x800'baf0     0xc  main.o [1]
  .rodata            const     0x800'bafc     0xc  main.o [1]
  .rodata            const     0x800'bb08     0xc  main.o [1]
  .rodata            const     0x800'bb14     0xc  usbd_desc.o [1]
  .text              ro code   0x800'bb20     0xc  cstartup_M.o [4]
  .rodata            const     0x800'bb2c     0x8  system_stm32f4xx.o [1]
  .rodata            const     0x800'bb34     0x8  tasks.o [1]
  .rodata            const     0x800'bb3c     0x8  timers.o [1]
  .rodata            const     0x800'bb44     0x8  timers.o [1]
  .rodata            const     0x800'bb4c     0x4  heap_4.o [1]
  .rodata            const     0x800'bb50     0x4  port.o [1]
  .text              ro code   0x800'bb54     0x4  startup_stm32f411xe.o [1]
  .text              ro code   0x800'bb58     0x4  startup_stm32f411xe.o [1]
  .text              ro code   0x800'bb5c     0x4  startup_stm32f411xe.o [1]
  .text              ro code   0x800'bb60     0x4  startup_stm32f411xe.o [1]
  .text              ro code   0x800'bb64     0x4  startup_stm32f411xe.o [1]
  .text              ro code   0x800'bb68     0x4  startup_stm32f411xe.o [1]
  .text              ro code   0x800'bb6c     0x4  startup_stm32f411xe.o [1]
  .text              ro code   0x800'bb70     0x4  startup_stm32f411xe.o [1]
  .text              ro code   0x800'bb74     0x4  startup_stm32f411xe.o [1]
  .text              ro code   0x800'bb78     0x4  startup_stm32f411xe.o [1]
  .text              ro code   0x800'bb7c     0x4  startup_stm32f411xe.o [1]
  .text              ro code   0x800'bb80     0x4  startup_stm32f411xe.o [1]
  .text              ro code   0x800'bb84     0x4  startup_stm32f411xe.o [1]
  .text              ro code   0x800'bb88     0x4  startup_stm32f411xe.o [1]
  .text              ro code   0x800'bb8c     0x4  startup_stm32f411xe.o [1]
  .text              ro code   0x800'bb90     0x4  startup_stm32f411xe.o [1]
  .text              ro code   0x800'bb94     0x4  startup_stm32f411xe.o [1]
  .text              ro code   0x800'bb98     0x4  startup_stm32f411xe.o [1]
  .text              ro code   0x800'bb9c     0x4  startup_stm32f411xe.o [1]
  .text              ro code   0x800'bba0     0x4  startup_stm32f411xe.o [1]
  .text              ro code   0x800'bba4     0x4  startup_stm32f411xe.o [1]
  .text              ro code   0x800'bba8     0x4  startup_stm32f411xe.o [1]
  .text              ro code   0x800'bbac     0x4  startup_stm32f411xe.o [1]
  .text              ro code   0x800'bbb0     0x4  startup_stm32f411xe.o [1]
  .text              ro code   0x800'bbb4     0x4  startup_stm32f411xe.o [1]
  .text              ro code   0x800'bbb8     0x4  startup_stm32f411xe.o [1]
  .text              ro code   0x800'bbbc     0x4  startup_stm32f411xe.o [1]
  .text              ro code   0x800'bbc0     0x4  startup_stm32f411xe.o [1]
  .text              ro code   0x800'bbc4     0x4  startup_stm32f411xe.o [1]
  .text              ro code   0x800'bbc8     0x4  startup_stm32f411xe.o [1]
  .text              ro code   0x800'bbcc     0x4  startup_stm32f411xe.o [1]
  .text              ro code   0x800'bbd0     0x4  startup_stm32f411xe.o [1]
  .text              ro code   0x800'bbd4     0x4  startup_stm32f411xe.o [1]
  .text              ro code   0x800'bbd8     0x4  startup_stm32f411xe.o [1]
  .text              ro code   0x800'bbdc     0x4  startup_stm32f411xe.o [1]
  .text              ro code   0x800'bbe0     0x4  startup_stm32f411xe.o [1]
  .text              ro code   0x800'bbe4     0x4  startup_stm32f411xe.o [1]
  .text              ro code   0x800'bbe8     0x4  startup_stm32f411xe.o [1]
  .text              ro code   0x800'bbec     0x4  startup_stm32f411xe.o [1]
  .text              ro code   0x800'bbf0     0x4  startup_stm32f411xe.o [1]
  .text              ro code   0x800'bbf4     0x4  startup_stm32f411xe.o [1]
  .text              ro code   0x800'bbf8     0x4  startup_stm32f411xe.o [1]
  .text              ro code   0x800'bbfc     0x4  startup_stm32f411xe.o [1]
  .text              ro code   0x800'bc00     0x4  startup_stm32f411xe.o [1]
  .text              ro code   0x800'bc04     0x4  startup_stm32f411xe.o [1]
  .text              ro code   0x800'bc08     0x4  startup_stm32f411xe.o [1]
  .text              ro code   0x800'bc0c     0x4  startup_stm32f411xe.o [1]
  .text              ro code   0x800'bc10     0x4  startup_stm32f411xe.o [1]
  .text              ro code   0x800'bc14     0x4  startup_stm32f411xe.o [1]
  .text              ro code   0x800'bc18     0x4  startup_stm32f411xe.o [1]
  .text              ro code   0x800'bc1c     0x4  startup_stm32f411xe.o [1]
  .text              ro code   0x800'bc20     0x4  startup_stm32f411xe.o [1]
  .text              ro code   0x800'bc24     0x4  startup_stm32f411xe.o [1]
  .text              ro code   0x800'bc28     0x4  startup_stm32f411xe.o [1]
  .text              ro code   0x800'bc2c     0x4  startup_stm32f411xe.o [1]
  .rodata            const     0x800'bc30     0x0  zero_init3.o [4]
  .rodata            const     0x800'bc30     0x0  lz77_init_single.o [4]
  Initializer bytes  const     0x800'bc30    0xdd  <for P2-1>
                             - 0x800'bd0d  0xbb75

"P2", part 1 of 3:                          0x182
  P2-1                        0x2000'0000   0x182  <Init block>
    .data            inited   0x2000'0000     0x4  port.o [1]
    .data            inited   0x2000'0004     0x4  stm32f4xx_hal.o [1]
    .data            inited   0x2000'0008     0x4  system_stm32f4xx.o [1]
    .data            inited   0x2000'000c     0xc  usbd_cdc.o [1]
    .data            inited   0x2000'0018    0x38  usbd_cdc.o [1]
    .data            inited   0x2000'0050    0x44  usbd_cdc.o [1]
    .data            inited   0x2000'0094    0x44  usbd_cdc.o [1]
    .data            inited   0x2000'00d8    0x44  usbd_cdc.o [1]
    .data            inited   0x2000'011c    0x14  usbd_cdc_if.o [1]
    .data            inited   0x2000'0130    0x1c  usbd_desc.o [1]
    .data            inited   0x2000'014c    0x14  usbd_desc.o [1]
    .data            inited   0x2000'0160     0x4  usbd_desc.o [1]
    .data            inited   0x2000'0164    0x1c  usbd_desc.o [1]
    .data            inited   0x2000'0180     0x1  sd_diskio.o [1]
    .data            inited   0x2000'0181     0x1  stm32f4xx_hal.o [1]
                            - 0x2000'0182   0x182

"P2", part 2 of 3:                         0x6588
  .bss               zero     0x2000'0184  0x3c00  heap_4.o [1]
  .bss               zero     0x2000'3d84   0x800  usbd_cdc_if.o [1]
  .bss               zero     0x2000'4584   0x800  usbd_cdc_if.o [1]
  .bss               zero     0x2000'4d84   0x460  tasks.o [1]
  .bss               zero     0x2000'51e4   0x408  usbd_conf.o [1]
  .bss               zero     0x2000'55ec   0x400  cmsis_os2.o [1]
  .bss               zero     0x2000'59ec   0x2d0  usb_device.o [1]
  .bss               zero     0x2000'5cbc   0x200  cmsis_os2.o [1]
  .bss               zero     0x2000'5ebc   0x200  usbd_desc.o [1]
  .bss               zero     0x2000'60bc   0x1d8  dlmalloc.o [2]
  .bss               zero     0x2000'6294    0xa0  timers.o [1]
  .bss               zero     0x2000'6334    0x84  main.o [1]
  .bss               zero     0x2000'63b8    0x5c  cmsis_os2.o [1]
  .bss               zero     0x2000'6414    0x5c  cmsis_os2.o [1]
  .bss               zero     0x2000'6470    0x50  timers.o [1]
  .bss               zero     0x2000'64c0    0x40  main.o [1]
  .bss               zero     0x2000'6500    0x40  queue.o [1]
  .bss               zero     0x2000'6540    0x40  stm32f4xx_hal_timebase_tim.o [1]
  .bss               zero     0x2000'6580    0x20  main.o [1]
  .bss               zero     0x2000'65a0    0x18  dlmalloc.o [2]
  .bss               zero     0x2000'65b8    0x14  main.o [1]
  .bss               zero     0x2000'65cc    0x14  tasks.o [1]
  .bss               zero     0x2000'65e0    0x14  tasks.o [1]
  .bss               zero     0x2000'65f4    0x14  tasks.o [1]
  .bss               zero     0x2000'6608    0x14  tasks.o [1]
  .bss               zero     0x2000'661c    0x14  tasks.o [1]
  .bss               zero     0x2000'6630    0x14  timers.o [1]
  .bss               zero     0x2000'6644    0x14  timers.o [1]
  .bss               zero     0x2000'6658     0xc  ff_gen_drv.o [1]
  .bss               zero     0x2000'6664     0x8  heap_4.o [1]
  .bss               zero     0x2000'666c     0x8  main.o [1]
  .bss               zero     0x2000'6674     0x4  cmsis_os2.o [1]
  .bss               zero     0x2000'6678     0x4  fatfs.o [1]
  .bss               zero     0x2000'667c     0x4  heap_4.o [1]
  .bss               zero     0x2000'6680     0x4  heap_4.o [1]
  .bss               zero     0x2000'6684     0x4  heap_4.o [1]
  .bss               zero     0x2000'6688     0x4  heap_4.o [1]
  .bss               zero     0x2000'668c     0x4  main.o [1]
  .bss               zero     0x2000'6690     0x4  main.o [1]
  .bss               zero     0x2000'6694     0x4  main.o [1]
  .bss               zero     0x2000'6698     0x4  main.o [1]
  .bss               zero     0x2000'669c     0x4  main.o [1]
  .bss               zero     0x2000'66a0     0x4  main.o [1]
  .bss               zero     0x2000'66a4     0x4  port.o [1]
  .bss               zero     0x2000'66a8     0x4  sd_diskio.o [1]
  .bss               zero     0x2000'66ac     0x4  stm32f4xx_hal.o [1]
  .bss               zero     0x2000'66b0     0x4  tasks.o [1]
  .bss               zero     0x2000'66b4     0x4  tasks.o [1]
  .bss               zero     0x2000'66b8     0x4  tasks.o [1]
  .bss               zero     0x2000'66bc     0x4  tasks.o [1]
  .bss               zero     0x2000'66c0     0x4  tasks.o [1]
  .bss               zero     0x2000'66c4     0x4  tasks.o [1]
  .bss               zero     0x2000'66c8     0x4  tasks.o [1]
  .bss               zero     0x2000'66cc     0x4  tasks.o [1]
  .bss               zero     0x2000'66d0     0x4  tasks.o [1]
  .bss               zero     0x2000'66d4     0x4  tasks.o [1]
  .bss               zero     0x2000'66d8     0x4  tasks.o [1]
  .bss               zero     0x2000'66dc     0x4  tasks.o [1]
  .bss               zero     0x2000'66e0     0x4  tasks.o [1]
  .bss               zero     0x2000'66e4     0x4  tasks.o [1]
  .bss               zero     0x2000'66e8     0x4  tasks.o [1]
  .bss               zero     0x2000'66ec     0x4  timers.o [1]
  .bss               zero     0x2000'66f0     0x4  timers.o [1]
  .bss               zero     0x2000'66f4     0x4  timers.o [1]
  .bss               zero     0x2000'66f8     0x4  timers.o [1]
  .bss               zero     0x2000'66fc     0x4  timers.o [1]
  .bss               zero     0x2000'6700     0x4  xfail_s.o [2]
  .bss               zero     0x2000'6704     0x4  xgetmemchunk.o [2]
  .bss               zero     0x2000'6708     0x1  fatfs.o [1]
  .bss               zero     0x2000'6709     0x1  port.o [1]
  .bss               zero     0x2000'670a     0x1  usbd_ctlreq.o [1]
                            - 0x2000'670b  0x6587

"P2", part 3 of 3:                         0x4000
  CSTACK                      0x2000'6710  0x2000  <Block>
    CSTACK           uninit   0x2000'6710  0x2000  <Block tail>
  HEAP                        0x2000'8710  0x2000  <Block>
    HEAP             uninit   0x2000'8710  0x2000  <Block tail>
                            - 0x2000'a710  0x4000

Unused ranges:

         From           To      Size
         ----           --      ----
   0x800'bd0d   0x807'ffff  0x7'42f3
  0x2000'0182  0x2000'0183       0x2
  0x2000'670c  0x2000'670f       0x4
  0x2000'a710  0x2001'ffff  0x1'58f0


*******************************************************************************
*** INIT TABLE
***

          Address      Size
          -------      ----
Zero (__iar_zero_init3)
    1 destination range, total size 0x6587:
          0x2000'0184  0x6587

Copy/lz77 (__iar_lz77_init_single3)
    1 source range, total size 0xdd (57% of destination):
           0x800'bc30    0xdd
    1 destination range, total size 0x182:
          0x2000'0000   0x182



*******************************************************************************
*** MODULE SUMMARY
***

    Module                        ro code  ro data  rw data
    ------                        -------  -------  -------
command line/config:
    -------------------------------------------------------
    Total:

D:\work\–¿«–¿¡Œ“ »\board STM32F411RET6 Terraelectronica\4_IAR\1_BOARD_STM32F411RE\EWARM\BOARD_STM32F411RE\Obj: [1]
    bsp_driver_sd.o                   204
    cmsis_os2.o                     1 036             1 724
    fatfs.o                            28                 5
    fatfs_platform.o                   28
    ff_gen_drv.o                       80                12
    heap_4.o                          608        4   15 384
    list.o                            152
    main.o                          1 088      288      280
    port.o                            600        6        9
    portasm.o                         176
    queue.o                         2 042                64
    sd_diskio.o                       496       21        5
    startup_stm32f411xe.o             644
    stm32f4xx_hal.o                   128        3        9
    stm32f4xx_hal_cortex.o            232
    stm32f4xx_hal_crc.o                36
    stm32f4xx_hal_dma.o               166
    stm32f4xx_hal_gpio.o              544
    stm32f4xx_hal_msp.o               420
    stm32f4xx_hal_pcd.o             3 040
    stm32f4xx_hal_pcd_ex.o            108
    stm32f4xx_hal_rcc.o             1 520
    stm32f4xx_hal_rcc_ex.o            360
    stm32f4xx_hal_rtc.o               844
    stm32f4xx_hal_sd.o              2 766
    stm32f4xx_hal_tim.o               638
    stm32f4xx_hal_tim_ex.o              4
    stm32f4xx_hal_timebase_tim.o      132                64
    stm32f4xx_hal_uart.o            1 860
    stm32f4xx_it.o                     40
    stm32f4xx_ll_sdmmc.o            1 768
    stm32f4xx_ll_usb.o              3 772
    system_stm32f4xx.o                 28       26        4
    tasks.o                         2 692        8    1 280
    timers.o                        1 148       16      300
    usb_device.o                       88               720
    usbd_cdc.o                        936      156      272
    usbd_cdc_if.o                     134       12    4 116
    usbd_conf.o                       824             1 032
    usbd_core.o                       868
    usbd_ctlreq.o                   2 060                 1
    usbd_desc.o                       310      117      592
    usbd_ioreq.o                      132
    write.o                            60
    -------------------------------------------------------
    Total:                         34 840      657   25 873

dl7M_tln.a: [2]
    abort.o                             6
    dlmalloc.o                      5 344               496
    exit.o                              4
    heaptramp0.o                        4
    low_level_init.o                    4
    printf.o                           40
    putchar.o                          32
    xfail_s.o                          64                 4
    xgetmemchunk.o                     44                 4
    xprintffull_nomb.o              3 622
    xprout.o                           22
    -------------------------------------------------------
    Total:                          9 186               504

m7M_tls.a: [3]
    DblAdd.o                          362
    DblCmpGe.o                         46
    DblCmpLe.o                         46
    DblDiv.o                          582
    DblMul.o                          418
    DblSub.o                          226
    DblToS32.o                         58
    DblToU32.o                         40
    S32ToDbl.o                         34
    U32ToDbl.o                         26
    fpinit_M.o                         34
    frexp.o                           112
    ldexp.o                           314
    -------------------------------------------------------
    Total:                          2 298

rt7M_tl.a: [4]
    ABImemclr4.o                        6
    ABImemcpy.o                       166
    ABImemset.o                       102
    ABImemset48.o                      50
    I64DivMod.o                       560
    I64DivZer.o                         2
    XXexit.o                           12
    cexit.o                            10
    cmain.o                            30
    cstartup_M.o                       12
    data_init.o                        40
    lz77_init_single.o                122
    memchr.o                           88
    strchr.o                           22
    strlen.o                           54
    zero_init3.o                       58
    -------------------------------------------------------
    Total:                          1 334

    Gaps                               46        4
    Linker created                              32   16 384
-----------------------------------------------------------
    Grand Total:                   47 704      693   42 761


*******************************************************************************
*** ENTRY LIST
***

Entry                       Address    Size  Type      Object
-----                       -------    ----  ----      ------
.iar.init_table$$Base    0x800'b990           --   Gb  - Linker created -
.iar.init_table$$Limit   0x800'b9b0           --   Gb  - Linker created -
?main                    0x800'b9d1          Code  Gb  cmain.o [4]
AHBPrescTable            0x800'ba90    0x10  Data  Gb  system_stm32f4xx.o [1]
APBPrescTable            0x800'bb2c     0x8  Data  Gb  system_stm32f4xx.o [1]
BSP_PlatformIsDetected   0x800'b651    0x1c  Code  Gb  fatfs_platform.o [1]
BSP_SD_GetCardInfo       0x800'b625    0x10  Code  Wk  bsp_driver_sd.o [1]
BSP_SD_GetCardState      0x800'b58d    0x1c  Code  Wk  bsp_driver_sd.o [1]
BSP_SD_Init              0x800'b5a9    0x3c  Code  Wk  bsp_driver_sd.o [1]
BSP_SD_ReadBlocks_DMA    0x800'b5e5    0x20  Code  Wk  bsp_driver_sd.o [1]
BSP_SD_ReadCpltCallback
                         0x800'b56d    0x18  Code  Gb  sd_diskio.o [1]
BSP_SD_WriteBlocks_DMA   0x800'b605    0x20  Code  Wk  bsp_driver_sd.o [1]
BusFault_Handler         0x800'b86f     0x2  Code  Gb  stm32f4xx_it.o [1]
CDC_Control_FS           0x800'b7c3    0x3e  Code  Lc  usbd_cdc_if.o [1]
CDC_DeInit_FS            0x800'b7bf     0x4  Code  Lc  usbd_cdc_if.o [1]
CDC_Init_FS              0x800'b7a5    0x1a  Code  Lc  usbd_cdc_if.o [1]
CDC_Receive_FS           0x800'b801    0x16  Code  Lc  usbd_cdc_if.o [1]
CDC_TransmitCplt_FS      0x800'b825     0x6  Code  Lc  usbd_cdc_if.o [1]
CSTACK$$Base            0x2000'6710           --   Gb  - Linker created -
CSTACK$$Limit           0x2000'8710           --   Gb  - Linker created -
DMA_SetConfig            0x800'b365    0x2e  Code  Lc  stm32f4xx_hal_dma.o [1]
DebugMon_Handler         0x800'b873     0x2  Code  Gb  stm32f4xx_it.o [1]
Error_Handler            0x800'5da1     0x4  Code  Gb  main.o [1]
FATFS_LinkDriver         0x800'8a93     0xa  Code  Gb  ff_gen_drv.o [1]
FATFS_LinkDriverEx       0x800'8a51    0x42  Code  Gb  ff_gen_drv.o [1]
FS_Desc                 0x2000'0130    0x1c  Data  Gb  usbd_desc.o [1]
Get_SerialNum            0x800'b6fd    0x2c  Code  Lc  usbd_desc.o [1]
HAL_CRC_Init             0x800'77d1    0x24  Code  Gb  stm32f4xx_hal_crc.o [1]
HAL_CRC_MspInit          0x800'88ed    0x26  Code  Gb  stm32f4xx_hal_msp.o [1]
HAL_DMA_GetError         0x800'b361     0x4  Code  Gb  stm32f4xx_hal_dma.o [1]
HAL_DMA_Start_IT         0x800'b2ed    0x74  Code  Gb  stm32f4xx_hal_dma.o [1]
HAL_Delay                0x800'25ed    0x28  Code  Wk  stm32f4xx_hal.o [1]
HAL_GPIO_Init            0x800'52f9   0x1b0  Code  Gb  stm32f4xx_hal_gpio.o [1]
HAL_GPIO_ReadPin         0x800'54a9    0x12  Code  Gb  stm32f4xx_hal_gpio.o [1]
HAL_GPIO_TogglePin       0x800'54cf    0x1e  Code  Gb  stm32f4xx_hal_gpio.o [1]
HAL_GPIO_WritePin        0x800'54bb    0x14  Code  Gb  stm32f4xx_hal_gpio.o [1]
HAL_GetTick              0x800'2615     0xc  Code  Wk  stm32f4xx_hal.o [1]
HAL_IncTick              0x800'861d    0x18  Code  Wk  stm32f4xx_hal.o [1]
HAL_Init                 0x800'6e31    0x30  Code  Gb  stm32f4xx_hal.o [1]
HAL_InitTick             0x800'5da5    0x72  Code  Gb  stm32f4xx_hal_timebase_tim.o [1]
HAL_MspInit              0x800'88ad    0x40  Code  Gb  stm32f4xx_hal_msp.o [1]
HAL_NVIC_EnableIRQ       0x800'55e3     0xa  Code  Gb  stm32f4xx_hal_cortex.o [1]
HAL_NVIC_SetPriority     0x800'55c1    0x22  Code  Gb  stm32f4xx_hal_cortex.o [1]
HAL_NVIC_SetPriorityGrouping
                         0x800'55b9     0x8  Code  Gb  stm32f4xx_hal_cortex.o [1]
HAL_PCDEx_LPM_Callback   0x800'50b3     0x2  Code  Wk  stm32f4xx_hal_pcd_ex.o [1]
HAL_PCDEx_SetRxFiFo      0x800'50a9     0xa  Code  Gb  stm32f4xx_hal_pcd_ex.o [1]
HAL_PCDEx_SetTxFiFo      0x800'5049    0x60  Code  Gb  stm32f4xx_hal_pcd_ex.o [1]
HAL_PCD_ConnectCallback
                         0x800'4e69     0xc  Code  Gb  usbd_conf.o [1]
HAL_PCD_DataInStageCallback
                         0x800'4dc1    0x1c  Code  Gb  usbd_conf.o [1]
HAL_PCD_DataOutStageCallback
                         0x800'4da3    0x1e  Code  Gb  usbd_conf.o [1]
HAL_PCD_DisconnectCallback
                         0x800'4e75     0xc  Code  Gb  usbd_conf.o [1]
HAL_PCD_EP_Close         0x800'4861    0x66  Code  Gb  stm32f4xx_hal_pcd.o [1]
HAL_PCD_EP_ClrStall      0x800'4a11    0x7c  Code  Gb  stm32f4xx_hal_pcd.o [1]
HAL_PCD_EP_GetRxCount    0x800'491d    0x12  Code  Gb  stm32f4xx_hal_pcd.o [1]
HAL_PCD_EP_Open          0x800'47db    0x86  Code  Gb  stm32f4xx_hal_pcd.o [1]
HAL_PCD_EP_Receive       0x800'48c7    0x56  Code  Gb  stm32f4xx_hal_pcd.o [1]
HAL_PCD_EP_SetStall      0x800'4983    0x8e  Code  Gb  stm32f4xx_hal_pcd.o [1]
HAL_PCD_EP_Transmit      0x800'492f    0x54  Code  Gb  stm32f4xx_hal_pcd.o [1]
HAL_PCD_IRQHandler       0x800'42e7   0x4c8  Code  Gb  stm32f4xx_hal_pcd.o [1]
HAL_PCD_ISOINIncompleteCallback
                         0x800'4e5b     0xe  Code  Gb  usbd_conf.o [1]
HAL_PCD_ISOOUTIncompleteCallback
                         0x800'4e4d     0xe  Code  Gb  usbd_conf.o [1]
HAL_PCD_Init             0x800'4131   0x174  Code  Gb  stm32f4xx_hal_pcd.o [1]
HAL_PCD_MspInit          0x800'4d11    0x82  Code  Gb  usbd_conf.o [1]
HAL_PCD_ResetCallback    0x800'4de9    0x26  Code  Gb  usbd_conf.o [1]
HAL_PCD_ResumeCallback   0x800'4e41     0xc  Code  Gb  usbd_conf.o [1]
HAL_PCD_SOFCallback      0x800'4ddd     0xc  Code  Gb  usbd_conf.o [1]
HAL_PCD_SetAddress       0x800'47af    0x2c  Code  Gb  stm32f4xx_hal_pcd.o [1]
HAL_PCD_SetupStageCallback
                         0x800'4d93    0x10  Code  Gb  usbd_conf.o [1]
HAL_PCD_Start            0x800'42a5    0x42  Code  Gb  stm32f4xx_hal_pcd.o [1]
HAL_PCD_SuspendCallback
                         0x800'4e0f    0x32  Code  Gb  usbd_conf.o [1]
HAL_RCCEx_PeriphCLKConfig
                         0x800'7669   0x140  Code  Gb  stm32f4xx_hal_rcc_ex.o [1]
HAL_RCC_ClockConfig      0x800'50b5   0x13a  Code  Gb  stm32f4xx_hal_rcc.o [1]
HAL_RCC_GetClockConfig   0x800'5221    0x34  Code  Gb  stm32f4xx_hal_rcc.o [1]
HAL_RCC_GetHCLKFreq      0x800'51ef     0x6  Code  Gb  stm32f4xx_hal_rcc.o [1]
HAL_RCC_GetPCLK1Freq     0x800'51f5    0x16  Code  Gb  stm32f4xx_hal_rcc.o [1]
HAL_RCC_GetPCLK2Freq     0x800'520b    0x16  Code  Gb  stm32f4xx_hal_rcc.o [1]
HAL_RCC_OscConfig        0x800'72b5   0x3b4  Code  Wk  stm32f4xx_hal_rcc.o [1]
HAL_RTC_Init             0x800'77f5    0xcc  Code  Gb  stm32f4xx_hal_rtc.o [1]
HAL_RTC_MspInit          0x800'8913    0x10  Code  Gb  stm32f4xx_hal_msp.o [1]
HAL_RTC_SetDate          0x800'79c7    0xe6  Code  Gb  stm32f4xx_hal_rtc.o [1]
HAL_RTC_SetTime          0x800'78c1   0x106  Code  Gb  stm32f4xx_hal_rtc.o [1]
HAL_RTC_WaitForSynchro   0x800'7ab9    0x36  Code  Gb  stm32f4xx_hal_rtc.o [1]
HAL_SD_ConfigWideBusOperation
                         0x800'a6d7    0xaa  Code  Gb  stm32f4xx_hal_sd.o [1]
HAL_SD_GetCardCSD        0x800'a4c1   0x1f2  Code  Gb  stm32f4xx_hal_sd.o [1]
HAL_SD_GetCardInfo       0x800'a6b3    0x24  Code  Gb  stm32f4xx_hal_sd.o [1]
HAL_SD_GetCardState      0x800'a781    0x22  Code  Gb  stm32f4xx_hal_sd.o [1]
HAL_SD_Init              0x800'a139    0x44  Code  Gb  stm32f4xx_hal_sd.o [1]
HAL_SD_InitCard          0x800'a17d    0x88  Code  Gb  stm32f4xx_hal_sd.o [1]
HAL_SD_MspInit           0x800'8923    0x9a  Code  Gb  stm32f4xx_hal_msp.o [1]
HAL_SD_ReadBlocks_DMA    0x800'a205   0x158  Code  Gb  stm32f4xx_hal_sd.o [1]
HAL_SD_RxCpltCallback    0x800'b395     0x8  Code  Gb  bsp_driver_sd.o [1]
HAL_SD_WriteBlocks_DMA   0x800'a35d   0x15c  Code  Gb  stm32f4xx_hal_sd.o [1]
HAL_TIMEx_BreakCallback
                         0x800'a07f     0x2  Code  Wk  stm32f4xx_hal_tim_ex.o [1]
HAL_TIMEx_CommutCallback
                         0x800'a083     0x2  Code  Wk  stm32f4xx_hal_tim_ex.o [1]
HAL_TIM_Base_Init        0x800'8635    0x38  Code  Gb  stm32f4xx_hal_tim.o [1]
HAL_TIM_Base_Start_IT    0x800'866d    0x28  Code  Gb  stm32f4xx_hal_tim.o [1]
HAL_TIM_IRQHandler       0x800'8695   0x176  Code  Gb  stm32f4xx_hal_tim.o [1]
HAL_TIM_PeriodElapsedCallback
                         0x800'5d17    0x10  Code  Gb  main.o [1]
HAL_UART_Init            0x800'66ed    0x76  Code  Gb  stm32f4xx_hal_uart.o [1]
HAL_UART_MspInit         0x800'89bd    0x68  Code  Gb  stm32f4xx_hal_msp.o [1]
HAL_UART_Transmit        0x800'6763    0xdc  Code  Gb  stm32f4xx_hal_uart.o [1]
HEAP$$Base              0x2000'8710           --   Gb  - Linker created -
HEAP$$Limit             0x2000'a710           --   Gb  - Linker created -
HardFault_Handler        0x800'b86b     0x2  Code  Gb  stm32f4xx_it.o [1]
Idle_Stack              0x2000'5cbc   0x200  Data  Lc  cmsis_os2.o [1]
Idle_TCB                0x2000'63b8    0x5c  Data  Lc  cmsis_os2.o [1]
IntToUnicode             0x800'b755    0x4e  Code  Lc  usbd_desc.o [1]
KernelState             0x2000'6674     0x4  Data  Lc  cmsis_os2.o [1]
LoadInt                  0x800'27cf    0x7a  Code  Lc  xprintffull_nomb.o [2]
MX_CRC_Init              0x800'5ad3    0x16  Code  Lc  main.o [1]
MX_FATFS_Init            0x800'6e65    0x10  Code  Gb  fatfs.o [1]
MX_GPIO_Init             0x800'5bbd    0xdc  Code  Lc  main.o [1]
MX_RTC_Init              0x800'5ae9    0x80  Code  Lc  main.o [1]
MX_SDIO_SD_Init          0x800'5b69    0x20  Code  Lc  main.o [1]
MX_USART1_UART_Init      0x800'5b89    0x34  Code  Lc  main.o [1]
MX_USB_DEVICE_Init       0x800'7b41    0x58  Code  Gb  usb_device.o [1]
MemManage_Handler        0x800'b86d     0x2  Code  Gb  stm32f4xx_it.o [1]
MyLowLevelPutchar        0x800'5965    0x16  Code  Gb  main.o [1]
NMI_Handler              0x800'b869     0x2  Code  Gb  stm32f4xx_it.o [1]
NVIC_EncodePriority      0x800'557d    0x3c  Code  Lc  stm32f4xx_hal_cortex.o [1]
OTG_FS_IRQHandler        0x800'b87f     0xa  Code  Gb  stm32f4xx_it.o [1]
PCD_EP_OutSetupPacket_int
                         0x800'4cbb    0x4c  Code  Lc  stm32f4xx_hal_pcd.o [1]
PCD_EP_OutXfrComplete_int
                         0x800'4b75   0x146  Code  Lc  stm32f4xx_hal_pcd.o [1]
PCD_WriteEmptyTxFifo     0x800'4a8d    0xe8  Code  Lc  stm32f4xx_hal_pcd.o [1]
PendSV_Handler           0x800'a089          Code  Gb  portasm.o [1]
RTC_ByteToBcd2           0x800'7b29    0x18  Code  Gb  stm32f4xx_hal_rtc.o [1]
RTC_EnterInitMode        0x800'7aef    0x3a  Code  Gb  stm32f4xx_hal_rtc.o [1]
Region$$Table$$Base      0x800'b990           --   Gb  - Linker created -
Region$$Table$$Limit     0x800'b9b0           --   Gb  - Linker created -
SDIO_ConfigData          0x800'ac87    0x2c  Code  Gb  stm32f4xx_ll_sdmmc.o [1]
SDIO_GetCommandResponse
                         0x800'ac79     0x6  Code  Gb  stm32f4xx_ll_sdmmc.o [1]
SDIO_GetPowerState       0x800'ac49     0x8  Code  Gb  stm32f4xx_ll_sdmmc.o [1]
SDIO_GetResponse         0x800'ac7f     0x8  Code  Gb  stm32f4xx_ll_sdmmc.o [1]
SDIO_Init                0x800'ac05    0x2e  Code  Gb  stm32f4xx_ll_sdmmc.o [1]
SDIO_PowerState_ON       0x800'ac39    0x10  Code  Gb  stm32f4xx_ll_sdmmc.o [1]
SDIO_ReadFIFO            0x800'ac33     0x6  Code  Gb  stm32f4xx_ll_sdmmc.o [1]
SDIO_SendCommand         0x800'ac51    0x28  Code  Gb  stm32f4xx_ll_sdmmc.o [1]
SDMMC_CmdAppCommand      0x800'ae71    0x32  Code  Gb  stm32f4xx_ll_sdmmc.o [1]
SDMMC_CmdAppOperCommand
                         0x800'aea3    0x32  Code  Gb  stm32f4xx_ll_sdmmc.o [1]
SDMMC_CmdBlockLength     0x800'acb3    0x32  Code  Gb  stm32f4xx_ll_sdmmc.o [1]
SDMMC_CmdBusWidth        0x800'aed5    0x32  Code  Gb  stm32f4xx_ll_sdmmc.o [1]
SDMMC_CmdGoIdleState     0x800'ae13    0x2e  Code  Gb  stm32f4xx_ll_sdmmc.o [1]
SDMMC_CmdOperCond        0x800'ae41    0x30  Code  Gb  stm32f4xx_ll_sdmmc.o [1]
SDMMC_CmdReadMultiBlock
                         0x800'ad17    0x32  Code  Gb  stm32f4xx_ll_sdmmc.o [1]
SDMMC_CmdReadSingleBlock
                         0x800'ace5    0x32  Code  Gb  stm32f4xx_ll_sdmmc.o [1]
SDMMC_CmdSelDesel        0x800'ade1    0x32  Code  Gb  stm32f4xx_ll_sdmmc.o [1]
SDMMC_CmdSendCID         0x800'af3b    0x2e  Code  Gb  stm32f4xx_ll_sdmmc.o [1]
SDMMC_CmdSendCSD         0x800'af69    0x2c  Code  Gb  stm32f4xx_ll_sdmmc.o [1]
SDMMC_CmdSendSCR         0x800'af07    0x34  Code  Gb  stm32f4xx_ll_sdmmc.o [1]
SDMMC_CmdSendStatus      0x800'afc9    0x32  Code  Gb  stm32f4xx_ll_sdmmc.o [1]
SDMMC_CmdSetRelAdd       0x800'af95    0x34  Code  Gb  stm32f4xx_ll_sdmmc.o [1]
SDMMC_CmdStopTransfer    0x800'adad    0x34  Code  Gb  stm32f4xx_ll_sdmmc.o [1]
SDMMC_CmdWriteMultiBlock
                         0x800'ad7b    0x32  Code  Gb  stm32f4xx_ll_sdmmc.o [1]
SDMMC_CmdWriteSingleBlock
                         0x800'ad49    0x32  Code  Gb  stm32f4xx_ll_sdmmc.o [1]
SDMMC_GetCmdError        0x800'affb    0x32  Code  Lc  stm32f4xx_ll_sdmmc.o [1]
SDMMC_GetCmdResp1        0x800'b02d   0x128  Code  Lc  stm32f4xx_ll_sdmmc.o [1]
SDMMC_GetCmdResp2        0x800'b155    0x52  Code  Lc  stm32f4xx_ll_sdmmc.o [1]
SDMMC_GetCmdResp3        0x800'b1a7    0x44  Code  Lc  stm32f4xx_ll_sdmmc.o [1]
SDMMC_GetCmdResp6        0x800'b1eb    0x96  Code  Lc  stm32f4xx_ll_sdmmc.o [1]
SDMMC_GetCmdResp7        0x800'b281    0x58  Code  Lc  stm32f4xx_ll_sdmmc.o [1]
SDPath                  0x2000'6678     0x4  Data  Gb  fatfs.o [1]
SDQueueID               0x2000'66a8     0x4  Data  Lc  sd_diskio.o [1]
SD_CheckStatus           0x800'b3c3    0x1c  Code  Lc  sd_diskio.o [1]
SD_CheckStatusWithTimeout
                         0x800'b39d    0x26  Code  Lc  sd_diskio.o [1]
SD_DMAError              0x800'a7fd    0x62  Code  Lc  stm32f4xx_hal_sd.o [1]
SD_DMAReceiveCplt        0x800'a7b5    0x46  Code  Lc  stm32f4xx_hal_sd.o [1]
SD_DMATransmitCplt       0x800'a7a5    0x10  Code  Lc  stm32f4xx_hal_sd.o [1]
SD_Driver                0x800'ba68    0x14  Data  Gb  sd_diskio.o [1]
SD_FindSCR               0x800'aae9   0x11c  Code  Lc  stm32f4xx_hal_sd.o [1]
SD_InitCard              0x800'a861    0xf2  Code  Lc  stm32f4xx_hal_sd.o [1]
SD_PowerON               0x800'a953    0xac  Code  Lc  stm32f4xx_hal_sd.o [1]
SD_SendStatus            0x800'aa11    0x2c  Code  Lc  stm32f4xx_hal_sd.o [1]
SD_WideBus_Disable       0x800'aa93    0x56  Code  Lc  stm32f4xx_hal_sd.o [1]
SD_WideBus_Enable        0x800'aa3d    0x56  Code  Lc  stm32f4xx_hal_sd.o [1]
SD_initialize            0x800'b3df    0x50  Code  Gb  sd_diskio.o [1]
SD_ioctl                 0x800'b50f    0x5e  Code  Gb  sd_diskio.o [1]
SD_read                  0x800'b439    0x6c  Code  Gb  sd_diskio.o [1]
SD_status                0x800'b42f     0xa  Code  Gb  sd_diskio.o [1]
SD_write                 0x800'b4a5    0x6a  Code  Gb  sd_diskio.o [1]
SVC_Handler              0x800'a0e1          Code  Gb  portasm.o [1]
SVC_Setup                0x800'6ea9     0x2  Code  Lc  cmsis_os2.o [1]
SWAPBYTE                 0x800'5e5d    0x10  Code  Lc  usbd_ctlreq.o [1]
StartDefaultTask         0x800'5c99     0xe  Code  Gb  main.o [1]
StartTask02              0x800'5ca9    0x16  Code  Gb  main.o [1]
StartTask03              0x800'5cc1    0x1c  Code  Gb  main.o [1]
StartTask04              0x800'5cdd    0x1c  Code  Gb  main.o [1]
StartTask05              0x800'5cf9    0x1e  Code  Gb  main.o [1]
Stat                    0x2000'0180     0x1  Data  Lc  sd_diskio.o [1]
SysTick_Handler          0x800'9b25    0x28  Code  Gb  port.o [1]
SystemClock_Config       0x800'5a0d    0xc6  Code  Gb  main.o [1]
SystemCoreClock         0x2000'0008     0x4  Data  Gb  system_stm32f4xx.o [1]
SystemInit               0x800'ba05    0x14  Code  Gb  system_stm32f4xx.o [1]
TIM1_UP_TIM10_IRQHandler
                         0x800'b875     0xa  Code  Gb  stm32f4xx_it.o [1]
TIM_Base_SetConfig       0x800'880b    0x82  Code  Gb  stm32f4xx_hal_tim.o [1]
Timer_Stack             0x2000'55ec   0x400  Data  Lc  cmsis_os2.o [1]
Timer_TCB               0x2000'6414    0x5c  Data  Lc  cmsis_os2.o [1]
UART_SetConfig           0x800'68ad   0x574  Code  Lc  stm32f4xx_hal_uart.o [1]
UART_WaitOnFlagUntilTimeout
                         0x800'683f    0x6e  Code  Lc  stm32f4xx_hal_uart.o [1]
USBD_CDC                0x2000'0018    0x38  Data  Gb  usbd_cdc.o [1]
USBD_CDC_CfgFSDesc      0x2000'0094    0x44  Data  Lc  usbd_cdc.o [1]
USBD_CDC_CfgHSDesc      0x2000'0050    0x44  Data  Lc  usbd_cdc.o [1]
USBD_CDC_DataIn          0x800'94bd    0x88  Code  Lc  usbd_cdc.o [1]
USBD_CDC_DataOut         0x800'9545    0x34  Code  Lc  usbd_cdc.o [1]
USBD_CDC_DeInit          0x800'9369    0x58  Code  Lc  usbd_cdc.o [1]
USBD_CDC_DeviceQualifierDesc
                        0x2000'000c     0xc  Data  Lc  usbd_cdc.o [1]
USBD_CDC_EP0_RxReady     0x800'9579    0x36  Code  Lc  usbd_cdc.o [1]
USBD_CDC_GetDeviceQualifierDescriptor
                         0x800'95c7     0x8  Code  Gb  usbd_cdc.o [1]
USBD_CDC_GetFSCfgDesc    0x800'95af     0x8  Code  Lc  usbd_cdc.o [1]
USBD_CDC_GetHSCfgDesc    0x800'95b7     0x8  Code  Lc  usbd_cdc.o [1]
USBD_CDC_GetOtherSpeedCfgDesc
                         0x800'95bf     0x8  Code  Lc  usbd_cdc.o [1]
USBD_CDC_Init            0x800'929d    0xcc  Code  Lc  usbd_cdc.o [1]
USBD_CDC_OtherSpeedCfgDesc
                        0x2000'00d8    0x44  Data  Lc  usbd_cdc.o [1]
USBD_CDC_ReceivePacket   0x800'960d    0x38  Code  Gb  usbd_cdc.o [1]
USBD_CDC_RegisterInterface
                         0x800'95e1    0x10  Code  Gb  usbd_cdc.o [1]
USBD_CDC_SetRxBuffer     0x800'9601     0xc  Code  Gb  usbd_cdc.o [1]
USBD_CDC_SetTxBuffer     0x800'95f1    0x10  Code  Gb  usbd_cdc.o [1]
USBD_CDC_Setup           0x800'93c1    0xfc  Code  Lc  usbd_cdc.o [1]
USBD_ClrClassConfig      0x800'5691    0x18  Code  Gb  usbd_core.o [1]
USBD_ClrFeature          0x800'659d    0x24  Code  Lc  usbd_ctlreq.o [1]
USBD_CtlContinueRx       0x800'66b1    0x10  Code  Gb  usbd_ioreq.o [1]
USBD_CtlContinueSendData
                         0x800'6683    0x10  Code  Gb  usbd_ioreq.o [1]
USBD_CtlError            0x800'65f1    0x16  Code  Gb  usbd_ctlreq.o [1]
USBD_CtlPrepareRx        0x800'6693    0x1e  Code  Gb  usbd_ioreq.o [1]
USBD_CtlReceiveStatus    0x800'66d7    0x16  Code  Gb  usbd_ioreq.o [1]
USBD_CtlSendData         0x800'6669    0x1a  Code  Gb  usbd_ioreq.o [1]
USBD_CtlSendStatus       0x800'66c1    0x16  Code  Gb  usbd_ioreq.o [1]
USBD_FS_ConfigStrDescriptor
                         0x800'b6bd    0x20  Code  Gb  usbd_desc.o [1]
USBD_FS_DeviceDesc      0x2000'014c    0x14  Data  Gb  usbd_desc.o [1]
USBD_FS_DeviceDescriptor
                         0x800'b66d     0x8  Code  Gb  usbd_desc.o [1]
USBD_FS_InterfaceStrDescriptor
                         0x800'b6dd    0x20  Code  Gb  usbd_desc.o [1]
USBD_FS_LangIDStrDescriptor
                         0x800'b675     0x8  Code  Gb  usbd_desc.o [1]
USBD_FS_ManufacturerStrDescriptor
                         0x800'b69d    0x12  Code  Gb  usbd_desc.o [1]
USBD_FS_ProductStrDescriptor
                         0x800'b67d    0x20  Code  Gb  usbd_desc.o [1]
USBD_FS_SerialStrDescriptor
                         0x800'b6af     0xe  Code  Gb  usbd_desc.o [1]
USBD_GetConfig           0x800'650d    0x3e  Code  Lc  usbd_ctlreq.o [1]
USBD_GetDescriptor       0x800'61af   0x206  Code  Lc  usbd_ctlreq.o [1]
USBD_GetLen              0x800'6655    0x14  Code  Lc  usbd_ctlreq.o [1]
USBD_GetStatus           0x800'654b    0x3e  Code  Lc  usbd_ctlreq.o [1]
USBD_GetString           0x800'6607    0x4e  Code  Gb  usbd_ctlreq.o [1]
USBD_Get_USB_Status      0x800'501f    0x2a  Code  Gb  usbd_conf.o [1]
USBD_Init                0x800'5601    0x3e  Code  Gb  usbd_core.o [1]
USBD_Interface_fops_FS  0x2000'011c    0x14  Data  Gb  usbd_cdc_if.o [1]
USBD_LL_ClearStallEP     0x800'4f75    0x1a  Code  Gb  usbd_conf.o [1]
USBD_LL_CloseEP          0x800'4f41    0x1a  Code  Gb  usbd_conf.o [1]
USBD_LL_DataInStage      0x800'57a3    0xea  Code  Gb  usbd_core.o [1]
USBD_LL_DataOutStage     0x800'570d    0x96  Code  Gb  usbd_core.o [1]
USBD_LL_DevConnected     0x800'5941     0x4  Code  Gb  usbd_core.o [1]
USBD_LL_DevDisconnected
                         0x800'5945    0x20  Code  Gb  usbd_core.o [1]
USBD_LL_GetRxDataSize    0x800'5011     0xe  Code  Gb  usbd_conf.o [1]
USBD_LL_Init             0x800'4e81    0x6a  Code  Gb  usbd_conf.o [1]
USBD_LL_IsStallEP        0x800'4f8f    0x34  Code  Gb  usbd_conf.o [1]
USBD_LL_IsoINIncomplete
                         0x800'5939     0x4  Code  Gb  usbd_core.o [1]
USBD_LL_IsoOUTIncomplete
                         0x800'593d     0x4  Code  Gb  usbd_core.o [1]
USBD_LL_OpenEP           0x800'4f1d    0x24  Code  Gb  usbd_conf.o [1]
USBD_LL_PrepareReceive   0x800'4ff7    0x1a  Code  Gb  usbd_conf.o [1]
USBD_LL_Reset            0x800'588d    0x60  Code  Gb  usbd_core.o [1]
USBD_LL_Resume           0x800'5905    0x14  Code  Gb  usbd_core.o [1]
USBD_LL_SOF              0x800'5919    0x20  Code  Gb  usbd_core.o [1]
USBD_LL_SetSpeed         0x800'58ed     0x6  Code  Gb  usbd_core.o [1]
USBD_LL_SetUSBAddress    0x800'4fc3    0x1a  Code  Gb  usbd_conf.o [1]
USBD_LL_SetupStage       0x800'56a9    0x64  Code  Gb  usbd_core.o [1]
USBD_LL_StallEP          0x800'4f5b    0x1a  Code  Gb  usbd_conf.o [1]
USBD_LL_Start            0x800'4f05    0x18  Code  Gb  usbd_conf.o [1]
USBD_LL_Suspend          0x800'58f3    0x12  Code  Gb  usbd_core.o [1]
USBD_LL_Transmit         0x800'4fdd    0x1a  Code  Gb  usbd_conf.o [1]
USBD_LangIDDesc         0x2000'0160     0x4  Data  Gb  usbd_desc.o [1]
USBD_ParseSetupRequest   0x800'65c1    0x30  Code  Gb  usbd_ctlreq.o [1]
USBD_RegisterClass       0x800'563f    0x28  Code  Gb  usbd_core.o [1]
USBD_RunTestMode         0x800'566f     0x4  Code  Gb  usbd_core.o [1]
USBD_SetAddress          0x800'63b5    0x5e  Code  Lc  usbd_ctlreq.o [1]
USBD_SetClassConfig      0x800'5673    0x1e  Code  Gb  usbd_core.o [1]
USBD_SetConfig           0x800'6413    0xf4  Code  Lc  usbd_ctlreq.o [1]
USBD_SetConfig::cfgidx  0x2000'670a     0x1  Data  Lc  usbd_ctlreq.o [1]
USBD_SetFeature          0x800'6589    0x14  Code  Lc  usbd_ctlreq.o [1]
USBD_Start               0x800'5667     0x8  Code  Gb  usbd_core.o [1]
USBD_StdDevReq           0x800'5e6d    0x7e  Code  Gb  usbd_ctlreq.o [1]
USBD_StdEPReq            0x800'5f5b   0x254  Code  Gb  usbd_ctlreq.o [1]
USBD_StdItfReq           0x800'5eeb    0x70  Code  Gb  usbd_ctlreq.o [1]
USBD_StrDesc            0x2000'5ebc   0x200  Data  Gb  usbd_desc.o [1]
USBD_StringSerial       0x2000'0164    0x1c  Data  Gb  usbd_desc.o [1]
USB_ActivateEndpoint     0x800'1b3b    0xba  Code  Gb  stm32f4xx_ll_usb.o [1]
USB_ActivateSetup        0x800'2505    0x24  Code  Gb  stm32f4xx_ll_usb.o [1]
USB_CoreInit             0x800'1731    0x80  Code  Gb  stm32f4xx_ll_usb.o [1]
USB_CoreReset            0x800'259f    0x32  Code  Lc  stm32f4xx_ll_usb.o [1]
USB_DeactivateEndpoint   0x800'1bf5   0x12c  Code  Gb  stm32f4xx_ll_usb.o [1]
USB_DevConnect           0x800'243d    0x24  Code  Gb  stm32f4xx_ll_usb.o [1]
USB_DevDisconnect        0x800'2461    0x24  Code  Gb  stm32f4xx_ll_usb.o [1]
USB_DevInit              0x800'18d3   0x1f0  Code  Gb  stm32f4xx_ll_usb.o [1]
USB_DisableGlobalInt     0x800'188f     0xc  Code  Gb  stm32f4xx_ll_usb.o [1]
USB_EP0StartXfer         0x800'20bd   0x1dc  Code  Gb  stm32f4xx_ll_usb.o [1]
USB_EP0_OutStart         0x800'2529    0x76  Code  Gb  stm32f4xx_ll_usb.o [1]
USB_EPClearStall         0x800'2389    0x8a  Code  Gb  stm32f4xx_ll_usb.o [1]
USB_EPSetStall           0x800'22f5    0x94  Code  Gb  stm32f4xx_ll_usb.o [1]
USB_EPStartXfer          0x800'1d21   0x34e  Code  Gb  stm32f4xx_ll_usb.o [1]
USB_EnableGlobalInt      0x800'1883     0xc  Code  Gb  stm32f4xx_ll_usb.o [1]
USB_FlushRxFifo          0x800'1ae5    0x1e  Code  Gb  stm32f4xx_ll_usb.o [1]
USB_FlushTxFifo          0x800'1ac3    0x22  Code  Gb  stm32f4xx_ll_usb.o [1]
USB_GetDevSpeed          0x800'1b17    0x24  Code  Gb  stm32f4xx_ll_usb.o [1]
USB_GetMode              0x800'24fd     0x8  Code  Gb  stm32f4xx_ll_usb.o [1]
USB_ReadDevAllInEpInterrupt
                         0x800'24a3    0x14  Code  Gb  stm32f4xx_ll_usb.o [1]
USB_ReadDevAllOutEpInterrupt
                         0x800'248f    0x14  Code  Gb  stm32f4xx_ll_usb.o [1]
USB_ReadDevInEPInterrupt
                         0x800'24cf    0x2e  Code  Gb  stm32f4xx_ll_usb.o [1]
USB_ReadDevOutEPInterrupt
                         0x800'24b7    0x18  Code  Gb  stm32f4xx_ll_usb.o [1]
USB_ReadInterrupts       0x800'2485     0xa  Code  Gb  stm32f4xx_ll_usb.o [1]
USB_ReadPacket           0x800'22d1    0x24  Code  Gb  stm32f4xx_ll_usb.o [1]
USB_SetCurrentMode       0x800'189b    0x38  Code  Gb  stm32f4xx_ll_usb.o [1]
USB_SetDevAddress        0x800'2413    0x2a  Code  Gb  stm32f4xx_ll_usb.o [1]
USB_SetDevSpeed          0x800'1b03    0x14  Code  Gb  stm32f4xx_ll_usb.o [1]
USB_SetTurnaroundTime    0x800'17b1    0xd2  Code  Gb  stm32f4xx_ll_usb.o [1]
USB_WritePacket          0x800'2299    0x38  Code  Gb  stm32f4xx_ll_usb.o [1]
UsageFault_Handler       0x800'b871     0x2  Code  Gb  stm32f4xx_it.o [1]
UserRxBufferFS          0x2000'3d84   0x800  Data  Gb  usbd_cdc_if.o [1]
UserTxBufferFS          0x2000'4584   0x800  Data  Gb  usbd_cdc_if.o [1]
_GenldFullNoMb           0x800'3145   0x274  Code  Lc  xprintffull_nomb.o [2]
_LdtobFullNoMb           0x800'2d19   0x400  Code  Lc  xprintffull_nomb.o [2]
_LitobFullNoMb           0x800'2bc1   0x112  Code  Lc  xprintffull_nomb.o [2]
_PrintfFullNoMb          0x800'2621   0x19e  Code  Gb  xprintffull_nomb.o [2]
_Prout                   0x800'ba51    0x16  Code  Gb  xprout.o [2]
_PutcharsFullNoMb        0x800'33b9    0x2e  Code  Lc  xprintffull_nomb.o [2]
_PutfldFullNoMb          0x800'2849   0x26c  Code  Lc  xprintffull_nomb.o [2]
_PuttxtFullNoMb          0x800'2ab5   0x10c  Code  Lc  xprintffull_nomb.o [2]
__NVIC_EnableIRQ         0x800'553d    0x1c  Code  Lc  stm32f4xx_hal_cortex.o [1]
__NVIC_GetPriorityGrouping
                         0x800'5533     0xa  Code  Lc  stm32f4xx_hal_cortex.o [1]
__NVIC_SetPriority       0x800'5559    0x24  Code  Lc  stm32f4xx_hal_cortex.o [1]
__NVIC_SetPriorityGrouping
                         0x800'5519    0x1a  Code  Lc  stm32f4xx_hal_cortex.o [1]
__aeabi_cdcmple          0x800'3a55          Code  Gb  DblCmpLe.o [3]
__aeabi_cdrcmple         0x800'3a85          Code  Gb  DblCmpGe.o [3]
__aeabi_d2iz             0x800'3bf1          Code  Gb  DblToS32.o [3]
__aeabi_d2uiz            0x800'3f7d          Code  Gb  DblToU32.o [3]
__aeabi_ddiv             0x800'3d35          Code  Gb  DblDiv.o [3]
__aeabi_dmul             0x800'3799          Code  Gb  DblMul.o [3]
__aeabi_dsub             0x800'3c51          Code  Gb  DblSub.o [3]
__aeabi_i2d              0x800'3c2d          Code  Gb  S32ToDbl.o [3]
__aeabi_ldiv0            0x800'3fc1          Code  Gb  I64DivZer.o [4]
__aeabi_memclr4          0x800'52f1          Code  Gb  ABImemclr4.o [4]
__aeabi_memcpy           0x800'393d          Code  Gb  ABImemcpy.o [4]
__aeabi_memcpy4          0x800'395d          Code  Gb  ABImemcpy.o [4]
__aeabi_memcpy8          0x800'395d          Code  Gb  ABImemcpy.o [4]
__aeabi_memset           0x800'98a5          Code  Gb  ABImemset.o [4]
__aeabi_ui2d             0x800'3fa5          Code  Gb  U32ToDbl.o [3]
__aeabi_uldivmod         0x800'3569          Code  Gb  I64DivMod.o [4]
__cmain                  0x800'b9d1          Code  Gb  cmain.o [4]
__data_GetMemChunk       0x800'16f9    0x2c  Code  Gb  xgetmemchunk.o [2]
__data_GetMemChunk::start
                        0x2000'6704     0x4  Data  Lc  xgetmemchunk.o [2]
__exit                   0x800'1725          Code  Gb  XXexit.o [4]
__iar_Fail_s             0x800'3499    0x1c  Code  Gb  xfail_s.o [2]
__iar_Memchr             0x800'3511          Code  Gb  memchr.o [4]
__iar_Memset             0x800'98a5          Code  Gb  ABImemset.o [4]
__iar_Memset4_word       0x800'5e29          Code  Gb  ABImemset48.o [4]
__iar_Memset8_word       0x800'5e29          Code  Gb  ABImemset48.o [4]
__iar_Memset_word        0x800'98ad          Code  Gb  ABImemset.o [4]
__iar_Strchr             0x800'3481          Code  Gb  strchr.o [4]
__iar_dadd               0x800'3c61          Code  Gb  DblSub.o [3]
__iar_data_init3         0x800'b891    0x28  Code  Gb  data_init.o [4]
__iar_dlfree             0x800'1177   0x4f6  Code  Gb  dlmalloc.o [2]
__iar_dlmalloc           0x800'0ec1   0x2b6  Code  Gb  dlmalloc.o [2]
__iar_dsub               0x800'3fc5          Code  Gb  DblAdd.o [3]
__iar_dsubStart          0x800'3fd7          Code  Gb  DblAdd.o [3]
__iar_frexp              0x800'39f1          Code  Gb  frexp.o [3]
__iar_frexpl             0x800'39f1          Code  Gb  frexp.o [3]
__iar_init_vfp           0x800'b96d          Code  Gb  fpinit_M.o [3]
__iar_ldexp64            0x800'3ab5          Code  Gb  ldexp.o [3]
__iar_lz77_init_single3
                         0x800'167f    0x7a  Code  Gb  lz77_init_single.o [4]
__iar_program_start      0x800'bb21          Code  Gb  cstartup_M.o [4]
__iar_scalbln64          0x800'3ab5          Code  Gb  ldexp.o [3]
__iar_scalbn64           0x800'3ab5          Code  Gb  ldexp.o [3]
__iar_softfp___iar_frexp64
                         0x800'39e5          Code  Gb  frexp.o [3]
__iar_softfp_frexp       0x800'39e5          Code  Gb  frexp.o [3]
__iar_softfp_frexpl      0x800'39e5          Code  Gb  frexp.o [3]
__iar_zero_init3         0x800'3447    0x3a  Code  Gb  zero_init3.o [4]
__low_level_init         0x800'b9ef     0x4  Code  Gb  low_level_init.o [2]
__vector_table           0x800'0000          Data  Gb  startup_stm32f411xe.o [1]
__write                  0x800'b82b    0x3c  Code  Gb  write.o [1]
_call_main               0x800'b9dd          Code  Gb  cmain.o [4]
_exit                    0x800'b9f9          Code  Gb  cexit.o [4]
_gm_                    0x2000'60bc   0x1d8  Data  Lc  dlmalloc.o [2]
_main                    0x800'b9eb          Code  Gb  cmain.o [4]
abort                    0x800'1679     0x6  Code  Gb  abort.o [2]
add_segment              0x800'0561   0x1f2  Code  Lc  dlmalloc.o [2]
blinkTaskHandle         0x2000'6690     0x4  Data  Gb  main.o [1]
blinkTask_attributes     0x800'b8dc    0x24  Data  Gb  main.o [1]
defaultTaskHandle       0x2000'668c     0x4  Data  Gb  main.o [1]
defaultTask_attributes   0x800'b8b8    0x24  Data  Gb  main.o [1]
disk                    0x2000'6658     0xc  Data  Gb  ff_gen_drv.o [1]
exit                     0x800'b9f3     0x4  Code  Gb  exit.o [2]
free                     0x800'a085     0x4  Code  Gb  heaptramp0.o [2]
hUsbDeviceFS            0x2000'59ec   0x2d0  Data  Gb  usb_device.o [1]
hcrc                    0x2000'666c     0x8  Data  Gb  main.o [1]
hpcd_USB_OTG_FS         0x2000'51e4   0x408  Data  Gb  usbd_conf.o [1]
hrtc                    0x2000'6580    0x20  Data  Gb  main.o [1]
hsd                     0x2000'6334    0x84  Data  Gb  main.o [1]
htim1                   0x2000'6540    0x40  Data  Gb  stm32f4xx_hal_timebase_tim.o [1]
huart1                  0x2000'64c0    0x40  Data  Gb  main.o [1]
init_mparams             0x800'01b3    0x32  Code  Lc  dlmalloc.o [2]
init_top                 0x800'01e5    0x36  Code  Lc  dlmalloc.o [2]
ldexp                    0x800'3ab5          Code  Gb  ldexp.o [3]
ldexpl                   0x800'3ab5          Code  Gb  ldexp.o [3]
main                     0x800'597b    0x92  Code  Gb  main.o [1]
memchr                   0x800'3511          Code  Gb  memchr.o [4]
mparams                 0x2000'65a0    0x18  Data  Lc  dlmalloc.o [2]
myTask10msHandle        0x2000'6698     0x4  Data  Gb  main.o [1]
myTask10ms_attributes    0x800'b924    0x24  Data  Gb  main.o [1]
myTask1msHandle         0x2000'6694     0x4  Data  Gb  main.o [1]
myTask1ms_attributes     0x800'b900    0x24  Data  Gb  main.o [1]
myTask50msHandle        0x2000'669c     0x4  Data  Gb  main.o [1]
myTask50ms_attributes    0x800'b948    0x24  Data  Gb  main.o [1]
osDelay                  0x800'706b    0x38  Code  Gb  cmsis_os2.o [1]
osKernelGetState         0x800'6eeb    0x28  Code  Gb  cmsis_os2.o [1]
osKernelGetTickCount     0x800'6f5d    0x30  Code  Gb  cmsis_os2.o [1]
osKernelInitialize       0x800'6eab    0x40  Code  Gb  cmsis_os2.o [1]
osKernelStart            0x800'6f13    0x4a  Code  Gb  cmsis_os2.o [1]
osMessageQueueGet        0x800'71ed    0x8e  Code  Gb  cmsis_os2.o [1]
osMessageQueueNew        0x800'70ad    0xae  Code  Gb  cmsis_os2.o [1]
osMessageQueuePut        0x800'715b    0x92  Code  Gb  cmsis_os2.o [1]
osThreadNew              0x800'6f8d    0xde  Code  Gb  cmsis_os2.o [1]
pcInterruptPriorityRegisters
                         0x800'bb50     0x4  Data  Lc  port.o [1]
prepend_alloc            0x800'021b   0x346  Code  Lc  dlmalloc.o [2]
printf                   0x800'6e81    0x28  Code  Gb  printf.o [2]
prvAddCurrentTaskToDelayedList
                         0x800'8585    0x5a  Code  Lc  tasks.o [1]
prvAddNewTaskToReadyList
                         0x800'7d53    0x9e  Code  Lc  tasks.o [1]
prvCheckForValidListAndQueue
                         0x800'9ffb    0x4c  Code  Lc  timers.o [1]
prvCheckForValidListAndQueue{1}{2}{3}{4}::ucStaticTimerQueueStorage
                        0x2000'6294    0xa0  Data  Lc  timers.o [1]
prvCheckForValidListAndQueue{1}{2}{3}{4}::xStaticTimerQueue
                        0x2000'6470    0x50  Data  Lc  timers.o [1]
prvCheckTasksWaitingTermination
                         0x800'8411    0x3c  Code  Lc  tasks.o [1]
prvCopyDataFromQueue     0x800'9155    0x2a  Code  Lc  queue.o [1]
prvCopyDataToQueue       0x800'90cf    0x86  Code  Lc  queue.o [1]
prvDeleteTCB             0x800'844d    0x42  Code  Lc  tasks.o [1]
prvGetNextExpireTime     0x800'9dbf    0x26  Code  Lc  timers.o [1]
prvHeapInit              0x800'97cb    0x5e  Code  Lc  heap_4.o [1]
prvIdleTask              0x800'8389    0x22  Code  Lc  tasks.o [1]
prvInitialiseNewQueue    0x800'8c2d    0x22  Code  Lc  queue.o [1]
prvInitialiseNewTask     0x800'7c91    0xc2  Code  Lc  tasks.o [1]
prvInitialiseTaskLists   0x800'83b5    0x54  Code  Lc  tasks.o [1]
prvInsertBlockIntoFreeList
                         0x800'9829    0x5e  Code  Lc  heap_4.o [1]
prvInsertTimerInActiveList
                         0x800'9e0d    0x3e  Code  Lc  timers.o [1]
prvIsQueueEmpty          0x800'91ed    0x1c  Code  Lc  queue.o [1]
prvIsQueueFull           0x800'9209    0x1e  Code  Lc  queue.o [1]
prvProcessExpiredTimer   0x800'9ccb    0x6a  Code  Lc  timers.o [1]
prvProcessReceivedCommands
                         0x800'9e4b   0x13c  Code  Lc  timers.o [1]
prvProcessTimerOrBlockTask
                         0x800'9d49    0x76  Code  Lc  timers.o [1]
prvResetNextTaskUnblockTime
                         0x800'848f    0x24  Code  Lc  tasks.o [1]
prvSampleTimeNow         0x800'9de5    0x28  Code  Lc  timers.o [1]
prvSampleTimeNow::xLastTime
                        0x2000'66fc     0x4  Data  Lc  timers.o [1]
prvSwitchTimerLists      0x800'9f87    0x74  Code  Lc  timers.o [1]
prvTaskExitError         0x800'99cd    0x2a  Code  Lc  port.o [1]
prvTimerTask             0x800'9d35    0x14  Code  Lc  timers.o [1]
prvUnlockQueue           0x800'917f    0x6e  Code  Lc  queue.o [1]
putchar                  0x800'b9b1    0x20  Code  Gb  putchar.o [2]
pvPortMalloc             0x800'9645   0x114  Code  Gb  heap_4.o [1]
pxCurrentTCB            0x2000'66b0     0x4  Data  Gb  tasks.o [1]
pxCurrentTimerList      0x2000'66ec     0x4  Data  Lc  timers.o [1]
pxDelayedTaskList       0x2000'66b4     0x4  Data  Lc  tasks.o [1]
pxEnd                   0x2000'667c     0x4  Data  Lc  heap_4.o [1]
pxOverflowDelayedTaskList
                        0x2000'66b8     0x4  Data  Lc  tasks.o [1]
pxOverflowTimerList     0x2000'66f0     0x4  Data  Lc  timers.o [1]
pxPortInitialiseStack    0x800'99a5    0x28  Code  Gb  port.o [1]
pxReadyTasksLists       0x2000'4d84   0x460  Data  Lc  tasks.o [1]
retSD                   0x2000'6708     0x1  Data  Gb  fatfs.o [1]
sDate                   0x2000'66a0     0x4  Data  Gb  main.o [1]
sTime                   0x2000'65b8    0x14  Data  Gb  main.o [1]
scalbln                  0x800'3ab5          Code  Gb  ldexp.o [3]
scalblnl                 0x800'3ab5          Code  Gb  ldexp.o [3]
scalbn                   0x800'3ab5          Code  Gb  ldexp.o [3]
scalbnl                  0x800'3ab5          Code  Gb  ldexp.o [3]
scale                    0x800'2cd3    0x46  Code  Lc  xprintffull_nomb.o [2]
sec_hand                0x2000'6700     0x4  Data  Lc  xfail_s.o [2]
segment_holding          0x800'0199    0x1a  Code  Lc  dlmalloc.o [2]
strchr                   0x800'3481          Code  Gb  strchr.o [4]
strlen                   0x800'34d9          Code  Gb  strlen.o [4]
sys_alloc                0x800'0759   0x164  Code  Lc  dlmalloc.o [2]
sys_trim                 0x800'08bd    0x64  Code  Lc  dlmalloc.o [2]
tmalloc_large            0x800'092d   0x386  Code  Lc  dlmalloc.o [2]
tmalloc_small            0x800'0cb3   0x200  Code  Lc  dlmalloc.o [2]
ucHeap                  0x2000'0184  0x3c00  Data  Lc  heap_4.o [1]
ucMaxSysCallPriority    0x2000'6709     0x1  Data  Lc  port.o [1]
ulMaxPRIGROUPValue      0x2000'66a4     0x4  Data  Lc  port.o [1]
uwTick                  0x2000'66ac     0x4  Data  Gb  stm32f4xx_hal.o [1]
uwTickFreq              0x2000'0181     0x1  Data  Gb  stm32f4xx_hal.o [1]
uwTickPrio              0x2000'0004     0x4  Data  Gb  stm32f4xx_hal.o [1]
uxCriticalNesting       0x2000'0000     0x4  Data  Lc  port.o [1]
uxCurrentNumberOfTasks  0x2000'66c0     0x4  Data  Lc  tasks.o [1]
uxDeletedTasksWaitingCleanUp
                        0x2000'66bc     0x4  Data  Lc  tasks.o [1]
uxListRemove             0x800'997d    0x26  Code  Gb  list.o [1]
uxPendedTicks           0x2000'66d0     0x4  Data  Lc  tasks.o [1]
uxSchedulerSuspended    0x2000'66e8     0x4  Data  Lc  tasks.o [1]
uxTaskNumber            0x2000'66dc     0x4  Data  Lc  tasks.o [1]
uxTopReadyPriority      0x2000'66c8     0x4  Data  Lc  tasks.o [1]
vApplicationGetIdleTaskMemory
                         0x800'727d     0xe  Code  Gb  cmsis_os2.o [1]
vApplicationGetTimerTaskMemory
                         0x800'728b    0x10  Code  Gb  cmsis_os2.o [1]
vListInitialise          0x800'990b    0x1e  Code  Gb  list.o [1]
vListInitialiseItem      0x800'9929     0x6  Code  Gb  list.o [1]
vListInsert              0x800'9947    0x36  Code  Gb  list.o [1]
vListInsertEnd           0x800'992f    0x18  Code  Gb  list.o [1]
vPortEnableVFP           0x800'a11d          Code  Gb  portasm.o [1]
vPortEnterCritical       0x800'9ac5    0x34  Code  Gb  port.o [1]
vPortExitCritical        0x800'9af9    0x2c  Code  Gb  port.o [1]
vPortFree                0x800'9759    0x72  Code  Gb  heap_4.o [1]
vPortStartFirstTask      0x800'a0fd          Code  Gb  portasm.o [1]
vPortValidateInterruptPriority
                         0x800'9b4d    0x4a  Code  Gb  port.o [1]
vQueueAddToRegistry      0x800'9227    0x24  Code  Gb  queue.o [1]
vQueueWaitForMessageRestricted
                         0x800'9251    0x4a  Code  Gb  queue.o [1]
vTaskDelay               0x800'7e95    0x4c  Code  Gb  tasks.o [1]
vTaskDelayUntil          0x800'7df1    0xa4  Code  Gb  tasks.o [1]
vTaskInternalSetTimeOutState
                         0x800'82e1    0x12  Code  Gb  tasks.o [1]
vTaskMissedYield         0x800'837f     0xa  Code  Gb  tasks.o [1]
vTaskPlaceOnEventList    0x800'81e3    0x2e  Code  Gb  tasks.o [1]
vTaskPlaceOnEventListRestricted
                         0x800'8211    0x38  Code  Gb  tasks.o [1]
vTaskStartScheduler      0x800'7ee1    0x96  Code  Gb  tasks.o [1]
vTaskSuspendAll          0x800'7f77     0xc  Code  Gb  tasks.o [1]
vTaskSwitchContext       0x800'8171    0x72  Code  Gb  tasks.o [1]
xActiveTimerList1       0x2000'6630    0x14  Data  Lc  timers.o [1]
xActiveTimerList2       0x2000'6644    0x14  Data  Lc  timers.o [1]
xBlockAllocatedBit      0x2000'6688     0x4  Data  Lc  heap_4.o [1]
xDelayedTaskList1       0x2000'65cc    0x14  Data  Lc  tasks.o [1]
xDelayedTaskList2       0x2000'65e0    0x14  Data  Lc  tasks.o [1]
xFreeBytesRemaining     0x2000'6680     0x4  Data  Lc  heap_4.o [1]
xHeapStructSize          0x800'bb4c     0x4  Data  Lc  heap_4.o [1]
xIdleTaskHandle         0x2000'66e4     0x4  Data  Lc  tasks.o [1]
xMinimumEverFreeBytesRemaining
                        0x2000'6684     0x4  Data  Lc  heap_4.o [1]
xNextTaskUnblockTime    0x2000'66e0     0x4  Data  Lc  tasks.o [1]
xNumOfOverflows         0x2000'66d8     0x4  Data  Lc  tasks.o [1]
xPendingReadyList       0x2000'65f4    0x14  Data  Lc  tasks.o [1]
xPortStartScheduler      0x800'99f7    0xce  Code  Gb  port.o [1]
xQueueGenericCreate      0x800'8bdb    0x52  Code  Gb  queue.o [1]
xQueueGenericCreateStatic
                         0x800'8b33    0xa8  Code  Gb  queue.o [1]
xQueueGenericReset       0x800'8aa1    0x92  Code  Gb  queue.o [1]
xQueueGenericSend        0x800'8c4f   0x196  Code  Gb  queue.o [1]
xQueueGenericSendFromISR
                         0x800'8de5    0xde  Code  Gb  queue.o [1]
xQueueReceive            0x800'8ec3   0x15a  Code  Gb  queue.o [1]
xQueueReceiveFromISR     0x800'9021    0xae  Code  Gb  queue.o [1]
xQueueRegistry          0x2000'6500    0x40  Data  Gb  queue.o [1]
xSchedulerRunning       0x2000'66cc     0x4  Data  Lc  tasks.o [1]
xStart                  0x2000'6664     0x8  Data  Lc  heap_4.o [1]
xSuspendedTaskList      0x2000'661c    0x14  Data  Lc  tasks.o [1]
xTaskCheckForTimeOut     0x800'82fd    0x82  Code  Gb  tasks.o [1]
xTaskCreate              0x800'7c1d    0x74  Code  Gb  tasks.o [1]
xTaskCreateStatic        0x800'7b99    0x84  Code  Gb  tasks.o [1]
xTaskGetSchedulerState   0x800'84b3    0x20  Code  Gb  tasks.o [1]
xTaskGetTickCount        0x800'8067     0x8  Code  Gb  tasks.o [1]
xTaskGetTickCountFromISR
                         0x800'806f    0x10  Code  Gb  tasks.o [1]
xTaskIncrementTick       0x800'807f    0xf2  Code  Gb  tasks.o [1]
xTaskPriorityDisinherit
                         0x800'84d9    0x8a  Code  Gb  tasks.o [1]
xTaskRemoveFromEventList
                         0x800'825d    0x7e  Code  Gb  tasks.o [1]
xTaskResumeAll           0x800'7f83    0xe4  Code  Gb  tasks.o [1]
xTasksWaitingTermination
                        0x2000'6608    0x14  Data  Lc  tasks.o [1]
xTickCount              0x2000'66c4     0x4  Data  Lc  tasks.o [1]
xTimerCreateTimerTask    0x800'9bfd    0x6a  Code  Gb  timers.o [1]
xTimerGenericCommand     0x800'9c67    0x64  Code  Gb  timers.o [1]
xTimerQueue             0x2000'66f4     0x4  Data  Lc  timers.o [1]
xTimerTaskHandle        0x2000'66f8     0x4  Data  Lc  timers.o [1]
xYieldPending           0x2000'66d4     0x4  Data  Lc  tasks.o [1]


[1] = D:\work\–¿«–¿¡Œ“ »\board STM32F411RET6 Terraelectronica\4_IAR\1_BOARD_STM32F411RE\EWARM\BOARD_STM32F411RE\Obj
[2] = dl7M_tln.a
[3] = m7M_tls.a
[4] = rt7M_tl.a

  47 704 bytes of readonly  code memory
     693 bytes of readonly  data memory
  42 761 bytes of readwrite data memory

Errors: none
Warnings: none
